../drivers/fsl_lpuart.c:206:13:LPUART_ReadNonBlocking	8	static
../drivers/fsl_lpuart.c:117:10:LPUART_GetInstance	0	static
../drivers/fsl_lpuart.c:141:8:LPUART_TransferGetRxRingBufferLength	0	static
../drivers/fsl_lpuart.c:272:10:LPUART_Init	40	static
../drivers/fsl_lpuart.c:510:6:LPUART_Deinit	8	static
../drivers/fsl_lpuart.c:566:6:LPUART_GetDefaultConfig	8	static
../drivers/fsl_lpuart.c:611:10:LPUART_SetBaudRate	32	static
../drivers/fsl_lpuart.c:703:6:LPUART_Enable9bitMode	0	static
../drivers/fsl_lpuart.c:737:6:LPUART_SendAddress	0	static
../drivers/fsl_lpuart.c:759:6:LPUART_EnableInterrupts	8	static
../drivers/fsl_lpuart.c:819:6:LPUART_DisableInterrupts	8	static
../drivers/fsl_lpuart.c:886:10:LPUART_GetEnabledInterrupts	12	static
../drivers/fsl_lpuart.c:933:10:LPUART_GetStatusFlags	0	static
../drivers/fsl_lpuart.c:1839:6:LPUART_TransferHandleIRQ	32	static
../drivers/fsl_lpuart.c:973:10:LPUART_ClearStatusFlags	8	static
../drivers/fsl_lpuart.c:1032:10:LPUART_WriteBlocking	0	static
../drivers/fsl_lpuart.c:1093:10:LPUART_WriteBlocking16bit	0	static
../drivers/fsl_lpuart.c:1158:10:LPUART_ReadBlocking	32	static
../drivers/fsl_lpuart.c:1274:10:LPUART_ReadBlocking16bit	24	static
../drivers/fsl_lpuart.c:1389:6:LPUART_TransferCreateHandle	24	static
../drivers/fsl_lpuart.c:1448:6:LPUART_TransferStartRingBuffer	0	static
../drivers/fsl_lpuart.c:1477:6:LPUART_TransferStopRingBuffer	0	static
../drivers/fsl_lpuart.c:1515:10:LPUART_TransferSendNonBlocking	0	static
../drivers/fsl_lpuart.c:1558:6:LPUART_TransferAbortSend	0	static
../drivers/fsl_lpuart.c:1583:10:LPUART_TransferGetSendCount	8	static
../drivers/fsl_lpuart.c:1641:10:LPUART_TransferReceiveNonBlocking	32	static
../drivers/fsl_lpuart.c:1780:6:LPUART_TransferAbortReceive	0	static
../drivers/fsl_lpuart.c:1811:10:LPUART_TransferGetReceiveCount	0	static
../drivers/fsl_lpuart.c:2117:6:LPUART_TransferHandleErrorIRQ	0	static
