../drivers/fsl_edma.c:72:17:EDMA_GetInstance	0	static
../drivers/fsl_edma.c:115:6:EDMA_InstallTCD	0	static
../drivers/fsl_edma.c:221:6:EDMA_Deinit	8	static
../drivers/fsl_edma.c:291:6:EDMA_GetDefaultConfig	8	static
../drivers/fsl_edma.c:383:6:EDMA_SetMinorOffsetConfig	8	static
../drivers/fsl_edma.c:408:6:EDMA_SetMajorOffsetConfig	0	static
../drivers/fsl_edma.c:425:6:EDMA_SetChannelPreemptionConfig	0	static
../drivers/fsl_edma.c:237:6:EDMA_InitChannel	16	static
../drivers/fsl_edma.c:158:6:EDMA_Init	16	static
../drivers/fsl_edma.c:487:6:EDMA_SetBandWidth	0	static
../drivers/fsl_edma.c:508:6:EDMA_SetModulo	0	static
../drivers/fsl_edma.c:524:6:EDMA_TcdReset	0	static
../drivers/fsl_edma.c:607:6:EDMA_ConfigChannelSoftwareTCD	8	static
../drivers/fsl_edma.c:571:6:EDMA_TcdSetTransferConfig	16	static
../drivers/fsl_edma.c:361:6:EDMA_SetTransferConfig	4	static
../drivers/fsl_edma.c:713:6:EDMA_TcdSetMinorOffsetConfig	0	static
../drivers/fsl_edma.c:737:6:EDMA_TcdSetMajorOffsetConfig	0	static
../drivers/fsl_edma.c:761:6:EDMA_TcdSetChannelLink	0	static
../drivers/fsl_edma.c:464:6:EDMA_SetChannelLink	4	static
../drivers/fsl_edma.c:811:6:EDMA_TcdSetModulo	0	static
../drivers/fsl_edma.c:829:6:EDMA_TcdEnableInterrupts	0	static
../drivers/fsl_edma.c:853:6:EDMA_TcdDisableInterrupts	0	static
../drivers/fsl_edma.c:891:10:EDMA_GetRemainingMajorLoopCount	0	static
../drivers/fsl_edma.c:927:6:EDMA_EnableChannelInterrupts	12	static
../drivers/fsl_edma.c:958:6:EDMA_DisableChannelInterrupts	12	static
../drivers/fsl_edma.c:989:10:EDMA_GetChannelStatusFlags	0	static
../drivers/fsl_edma.c:1013:6:EDMA_ClearChannelStatusFlags	12	static
../drivers/fsl_edma.c:326:6:EDMA_ResetChannel	16	static
../drivers/fsl_edma.c:1045:6:EDMA_CreateHandle	16	static
../drivers/fsl_edma.c:1099:6:EDMA_InstallTCDMemory	0	static
../drivers/fsl_edma.c:1130:6:EDMA_SetCallback	0	static
../drivers/fsl_edma.c:1214:6:EDMA_PrepareTransferConfig	24	static
../drivers/fsl_edma.c:1285:6:EDMA_PrepareTransfer	48	static
../drivers/fsl_edma.c:1347:6:EDMA_PrepareTransferTCD	16	static
../drivers/fsl_edma.c:1495:10:EDMA_SubmitTransferTCD	32	static
../drivers/fsl_edma.c:1672:10:EDMA_SubmitTransfer	32	static
../drivers/fsl_edma.c:1860:10:EDMA_SubmitLoopTransfer	32	static
../drivers/fsl_edma.c:1937:6:EDMA_StartTransfer	0	static
../drivers/fsl_edma.c:2013:6:EDMA_StopTransfer	0	static
../drivers/fsl_edma.c:2031:6:EDMA_AbortTransfer	8	static
../drivers/fsl_edma.c:2078:6:EDMA_HandleIRQ	24	static
../drivers/fsl_edma.c:2210:6:EDMA_DriverIRQHandler	0	static
