../drivers/fsl_spc.c:46:35:SPC_GetPowerDomainLowPowerMode	0	static
../drivers/fsl_spc.c:66:9:SPC_GetPeriphIOIsolationStatus	0	static
../drivers/fsl_spc.c:82:6:SPC_SetLowPowerRequestConfig	0	static
../drivers/fsl_spc.c:110:6:SPC_ConfigVddCoreGlitchDetector	0	static
../drivers/fsl_spc.c:134:6:SPC_SetSRAMOperateVoltage	0	static
../drivers/fsl_spc.c:168:10:SPC_SetActiveModeBandgapModeConfig	0	static
../drivers/fsl_spc.c:236:10:SPC_SetLowPowerModeBandgapmodeConfig	0	static
../drivers/fsl_spc.c:299:6:SPC_SetCoreVoltageDetectConfig	0	static
../drivers/fsl_spc.c:329:10:SPC_EnableActiveModeCoreHighVoltageDetect	0	static
../drivers/fsl_spc.c:360:10:SPC_EnableLowPowerModeCoreHighVoltageDetect	0	static
../drivers/fsl_spc.c:390:10:SPC_EnableActiveModeCoreLowVoltageDetect	0	static
../drivers/fsl_spc.c:419:10:SPC_EnableLowPowerModeCoreLowVoltageDetect	0	static
../drivers/fsl_spc.c:444:6:SPC_SetSystemVDDLowVoltageLevel	0	static
../drivers/fsl_spc.c:467:6:SPC_SetSystemVoltageDetectConfig	4	static
../drivers/fsl_spc.c:498:10:SPC_EnableActiveModeSystemHighVoltageDetect	0	static
../drivers/fsl_spc.c:528:10:SPC_EnableActiveModeSystemLowVoltageDetect	0	static
../drivers/fsl_spc.c:558:10:SPC_EnableLowPowerModeSystemHighVoltageDetect	0	static
../drivers/fsl_spc.c:588:10:SPC_EnableLowPowerModeSystemLowVoltageDetect	0	static
../drivers/fsl_spc.c:614:6:SPC_SetIOVDDLowVoltageLevel	0	static
../drivers/fsl_spc.c:637:6:SPC_SetIOVoltageDetectConfig	16	static
../drivers/fsl_spc.c:671:10:SPC_EnableActiveModeIOHighVoltageDetect	0	static
../drivers/fsl_spc.c:701:10:SPC_EnableActiveModeIOLowVoltageDetect	0	static
../drivers/fsl_spc.c:730:10:SPC_EnableLowPowerModeIOHighVoltageDetect	0	static
../drivers/fsl_spc.c:759:10:SPC_EnableLowPowerModeIOLowVoltageDetect	0	static
../drivers/fsl_spc.c:785:6:SPC_SetExternalVoltageDomainsConfig	0	static
../drivers/fsl_spc.c:866:10:SPC_SetActiveModeCoreLDORegulatorVoltageLevel	0	static
../drivers/fsl_spc.c:887:10:SPC_SetActiveModeCoreLDORegulatorDriveStrength	0	static
../drivers/fsl_spc.c:808:10:SPC_SetActiveModeCoreLDORegulatorConfig	8	static
../drivers/fsl_spc.c:998:10:SPC_SetLowPowerModeCoreLDORegulatorVoltageLevel	0	static
../drivers/fsl_spc.c:1028:10:SPC_SetLowPowerModeCoreLDORegulatorDriveStrength	0	static
../drivers/fsl_spc.c:934:10:SPC_SetLowPowerModeCoreLDORegulatorConfig	8	static
../drivers/fsl_spc.c:1121:10:SPC_SetActiveModeSystemLDORegulatorVoltageLevel	0	static
../drivers/fsl_spc.c:1150:10:SPC_SetActiveModeSystemLDORegulatorDriveStrength	0	static
../drivers/fsl_spc.c:1077:10:SPC_SetActiveModeSystemLDORegulatorConfig	8	static
../drivers/fsl_spc.c:1228:10:SPC_SetLowPowerModeSystemLDORegulatorDriveStrength	0	static
../drivers/fsl_spc.c:1191:10:SPC_SetLowPowerModeSystemLDORegulatorConfig	8	static
../drivers/fsl_spc.c:1310:10:SPC_SetActiveModeDCDCRegulatorDriveStrength	0	static
../drivers/fsl_spc.c:1267:10:SPC_SetActiveModeDCDCRegulatorConfig	8	static
../drivers/fsl_spc.c:1395:10:SPC_SetLowPowerModeDCDCRegulatorDriveStrength	0	static
../drivers/fsl_spc.c:1354:10:SPC_SetLowPowerModeDCDCRegulatorConfig	8	static
../drivers/fsl_spc.c:1427:6:SPC_SetDCDCBurstConfig	0	static
../drivers/fsl_spc.c:1461:6:SPC_SetDCDCRefreshCount	0	static
../drivers/fsl_spc.c:1489:10:SPC_SetActiveModeRegulatorsConfig	24	static
../drivers/fsl_spc.c:1644:10:SPC_SetLowPowerModeRegulatorsConfig	24	static
