../drivers/fsl_lpspi_cmsis.c:440:27:LPSPIx_GetVersion	8	static
../drivers/fsl_lpspi_cmsis.c:445:29:LPSPIx_GetCapabilities	0	static
../drivers/fsl_lpspi_cmsis.c:880:13:KSDK_LPSPI_MasterInterruptCallback	0	static
../drivers/fsl_lpspi_cmsis.c:906:13:KSDK_LPSPI_SlaveInterruptCallback	0	static
../drivers/fsl_lpspi_cmsis.c:1558:16:LPSPI1_InterruptUninitialize	8	static
../drivers/fsl_lpspi_cmsis.c:1596:23:LPSPI1_InterruptGetStatus	0	static
../drivers/fsl_lpspi_cmsis.c:1586:17:LPSPI1_InterruptGetCount	0	static
../drivers/fsl_lpspi_cmsis.c:1581:16:LPSPI1_InterruptTransfer	32	static
../drivers/fsl_lpspi_cmsis.c:1576:16:LPSPI1_InterruptReceive	32	static
../drivers/fsl_lpspi_cmsis.c:1571:16:LPSPI1_InterruptSend	24	static
../drivers/fsl_lpspi_cmsis.c:1566:16:LPSPI1_InterruptPowerControl	8	static
../drivers/fsl_lpspi_cmsis.c:1550:16:LPSPI1_InterruptInitialize	8	static
../drivers/fsl_lpspi_cmsis.c:1591:16:LPSPI1_InterruptControl	72	static
