../drivers/fsl_lpi2c_cmsis.c:111:27:LPI2Cx_GetVersion	8	static
../drivers/fsl_lpi2c_cmsis.c:117:29:LPI2Cx_GetCapabilities	0	static
../drivers/fsl_lpi2c_cmsis.c:480:13:KSDK_LPI2C_MASTER_InterruptCallback	0	static
../drivers/fsl_lpi2c_cmsis.c:1399:16:LPI2C2_InterruptUninitialize	8	static
../drivers/fsl_lpi2c_cmsis.c:1444:23:LPI2C2_InterruptGetStatus	8	static
../drivers/fsl_lpi2c_cmsis.c:722:16:LPI2C_InterruptControl.constprop	16	static
../drivers/fsl_lpi2c_cmsis.c:1407:16:LPI2C2_InterruptPowerControl	80	static
../drivers/fsl_lpi2c_cmsis.c:1439:16:LPI2C2_InterruptControl	0	static
../drivers/fsl_lpi2c_cmsis.c:1434:16:LPI2C2_InterruptGetDataCount	16	static
../drivers/fsl_lpi2c_cmsis.c:1422:16:LPI2C2_Slave_InterruptTransmit	16	static
../drivers/fsl_lpi2c_cmsis.c:1428:16:LPI2C2_Slave_InterruptReceive	0	static
../drivers/fsl_lpi2c_cmsis.c:1417:16:LPI2C2_Master_InterruptReceive	56	static
../drivers/fsl_lpi2c_cmsis.c:1412:16:LPI2C2_Master_InterruptTransmit	56	static
../drivers/fsl_lpi2c_cmsis.c:1391:16:LPI2C2_InterruptInitialize	8	static
../drivers/fsl_lpi2c_cmsis.c:1386:13:KSDK_LPI2C2_SLAVE_InterruptCallback	0	static
