C:\Users\nxa11926\Documents\MCUXpressoIDE_11.9.1_2170\ACH_Test\frdmmcxn947_nmh1000_shield_mag_wakeup2\CMSIS/core_cm33.h:2378:22:__NVIC_EnableIRQ	0	static
../drivers/fsl_clock.h:1389:20:CLOCK_EnableClock	0	static
../drivers/fsl_clock.h:1418:20:CLOCK_DisableClock	0	static
../drivers/fsl_lpi2c.c:151:17:LPI2C_GetCyclesForWidth	16	static
../drivers/fsl_lpi2c.c:1806:17:LPI2C_SlaveCheckAndClearError	8	static
../drivers/fsl_lpi2c.c:2216:6:LPI2C_SlaveTransferHandleIRQ	24	static
../drivers/fsl_lpi2c.c:128:10:LPI2C_GetInstance	0	static
../drivers/fsl_lpi2c.c:193:10:LPI2C_MasterCheckAndClearError	8	static
../drivers/fsl_lpi2c.c:247:17:LPI2C_MasterWaitForTxReady	16	static
../drivers/fsl_lpi2c.c:295:10:LPI2C_CheckForBusyBus	0	static
../drivers/fsl_lpi2c.c:332:6:LPI2C_MasterGetDefaultConfig	8	static
../drivers/fsl_lpi2c.c:484:6:LPI2C_MasterDeinit	16	static
../drivers/fsl_lpi2c.c:517:6:LPI2C_MasterConfigureDataMatch	8	static
../drivers/fsl_lpi2c.c:548:6:LPI2C_MasterSetBaudRate	48	static
../drivers/fsl_lpi2c.c:365:6:LPI2C_MasterInit	32	static
../drivers/fsl_lpi2c.c:687:10:LPI2C_MasterStart	16	static
../drivers/fsl_lpi2c.c:724:10:LPI2C_MasterStop	16	static
../drivers/fsl_lpi2c.c:785:10:LPI2C_MasterReceive	16	static
../drivers/fsl_lpi2c.c:887:10:LPI2C_MasterSend	16	static
../drivers/fsl_lpi2c.c:926:10:LPI2C_MasterTransferBlocking	64	static
../drivers/fsl_lpi2c.c:1057:6:LPI2C_MasterTransferCreateHandle	32	static
../drivers/fsl_lpi2c.c:1413:10:LPI2C_MasterTransferNonBlocking	24	static
../drivers/fsl_lpi2c.c:1475:10:LPI2C_MasterTransferGetCount	16	static
../drivers/fsl_lpi2c.c:1543:6:LPI2C_MasterTransferAbort	0	static
../drivers/fsl_lpi2c.c:1573:6:LPI2C_MasterTransferHandleIRQ	24	static
../drivers/fsl_lpi2c.c:1644:6:LPI2C_SlaveGetDefaultConfig	8	static
../drivers/fsl_lpi2c.c:1683:6:LPI2C_SlaveInit	40	static
../drivers/fsl_lpi2c.c:1771:6:LPI2C_SlaveDeinit	16	static
../drivers/fsl_lpi2c.c:1846:10:LPI2C_SlaveSend	32	static
../drivers/fsl_lpi2c.c:1933:10:LPI2C_SlaveReceive	32	static
../drivers/fsl_lpi2c.c:2027:6:LPI2C_SlaveTransferCreateHandle	32	static
../drivers/fsl_lpi2c.c:2096:10:LPI2C_SlaveTransferNonBlocking	24	static
../drivers/fsl_lpi2c.c:2153:10:LPI2C_SlaveTransferGetCount	0	static
../drivers/fsl_lpi2c.c:2188:6:LPI2C_SlaveTransferAbort	8	static
../drivers/fsl_lpi2c.c:2396:6:LPI2C_CommonIRQHandler	16	static
