../drivers/fsl_clock.c:2241:17:CLOCK_GetFro12MFreq	0	static
../drivers/fsl_clock.c:2283:17:CLOCK_GetClk48MFreq	0	static
../drivers/fsl_clock.c:2301:17:CLOCK_GetClk16KFreq	0	static
../drivers/fsl_clock.c:2312:17:CLOCK_GetExtClkFreq	0	static
../drivers/fsl_clock.c:2259:17:CLOCK_GetFroHfFreq	0	static
../drivers/fsl_clock.c:2321:17:CLOCK_GetOsc32KFreq	0	static
../drivers/fsl_clock.c:2452:17:CLOCK_GetLposcFreq	0	static
../drivers/fsl_clock.c:145:10:CLOCK_SetupFROHFClocking	0	static
../drivers/fsl_clock.c:179:10:CLOCK_SetupExtClocking	0	static
../drivers/fsl_clock.c:253:10:CLOCK_SetupExtRefClocking	0	static
../drivers/fsl_clock.c:330:10:CLOCK_SetupOsc32KClocking	0	static
../drivers/fsl_clock.c:372:10:CLOCK_SetupClk16KClocking	0	static
../drivers/fsl_clock.c:390:10:CLOCK_FROHFTrimConfig	8	static
../drivers/fsl_clock.c:415:10:CLOCK_FRO12MTrimConfig	8	static
../drivers/fsl_clock.c:444:6:CLOCK_SetSysOscMonitorMode	0	static
../drivers/fsl_clock.c:463:6:CLOCK_SetRoscMonitorMode	0	static
../drivers/fsl_clock.c:482:6:CLOCK_SetUpllMonitorMode	0	static
../drivers/fsl_clock.c:501:6:CLOCK_SetPll0MonitorMode	0	static
../drivers/fsl_clock.c:520:6:CLOCK_SetPll1MonitorMode	0	static
../drivers/fsl_clock.c:538:10:CLOCK_SetFLASHAccessCyclesForFreq	0	static
../drivers/fsl_clock.c:616:6:VBAT_SetOscConfig	8	static
../drivers/fsl_clock.c:661:6:CLOCK_AttachClk	12	static
../drivers/fsl_clock.c:710:19:CLOCK_GetClockAttachId	16	static
../drivers/fsl_clock.c:759:6:CLOCK_SetClkDiv	0	static
../drivers/fsl_clock.c:783:10:CLOCK_GetClkDiv	0	static
../drivers/fsl_clock.c:808:6:CLOCK_HaltClkDiv	0	static
../drivers/fsl_clock.c:826:6:CLOCK_SetupClockCtrl	0	static
../drivers/fsl_clock.c:1132:10:CLOCK_GetTsiClkFreq	8	static
../drivers/fsl_clock.c:1336:10:CLOCK_GetExtUpllFreq	0	static
../drivers/fsl_clock.c:1350:6:CLOCK_SetExtUpllFreq	0	static
../drivers/fsl_clock.c:1442:10:CLOCK_GetI3cSClkFreq	0	static
../drivers/fsl_clock.c:1671:6:CLOCK_SetupEnetTxClk	0	static
../drivers/fsl_clock.c:1682:10:CLOCK_GetEnetTxClkFreq	0	static
../drivers/fsl_clock.c:1691:10:CLOCK_GetEwm0ClkFreq	0	static
../drivers/fsl_clock.c:1715:10:CLOCK_GetWdtClkFreq	8	static
../drivers/fsl_clock.c:1753:10:CLOCK_GetOstimerClkFreq	0	static
../drivers/fsl_clock.c:1896:6:CLOCK_SetupSaiMclk	0	static
../drivers/fsl_clock.c:1907:6:CLOCK_SetupSaiTxBclk	0	static
../drivers/fsl_clock.c:1918:6:CLOCK_SetupSaiRxBclk	0	static
../drivers/fsl_clock.c:1929:10:CLOCK_GetSaiMclkFreq	0	static
../drivers/fsl_clock.c:1938:10:CLOCK_GetSaiTxBclkFreq	0	static
../drivers/fsl_clock.c:1947:10:CLOCK_GetSaiRxBclkFreq	0	static
../drivers/fsl_clock.c:1993:10:CLOCK_GetPLL0InClockRate	0	static
../drivers/fsl_clock.c:1253:10:CLOCK_GetPll0OutFreq	16	static
../drivers/fsl_clock.c:2017:10:CLOCK_GetPLL1InClockRate	0	static
../drivers/fsl_clock.c:1281:10:CLOCK_GetPll1OutFreq	16	static
../drivers/fsl_clock.c:926:10:CLOCK_GetCTimerClkFreq	8	static
../drivers/fsl_clock.c:980:10:CLOCK_GetAdcClkFreq	8	static
../drivers/fsl_clock.c:1020:10:CLOCK_GetUsb0ClkFreq	8	static
../drivers/fsl_clock.c:1093:10:CLOCK_GetSctClkFreq	8	static
../drivers/fsl_clock.c:1156:10:CLOCK_GetSincFilterClkFreq	8	static
../drivers/fsl_clock.c:1191:10:CLOCK_GetDacClkFreq	8	static
../drivers/fsl_clock.c:1224:10:CLOCK_GetFlexspiClkFreq	8	static
../drivers/fsl_clock.c:1309:10:CLOCK_GetPllClkDivFreq	8	static
../drivers/fsl_clock.c:1057:10:CLOCK_GetLPFlexCommClkFreq	8	static
../drivers/fsl_clock.c:1359:10:CLOCK_GetI3cClkFreq	8	static
../drivers/fsl_clock.c:1395:10:CLOCK_GetI3cSTCClkFreq	8	static
../drivers/fsl_clock.c:1467:10:CLOCK_GetMicfilClkFreq	8	static
../drivers/fsl_clock.c:1508:10:CLOCK_GetUsdhcClkFreq	8	static
../drivers/fsl_clock.c:1543:10:CLOCK_GetFlexioClkFreq	8	static
../drivers/fsl_clock.c:1578:10:CLOCK_GetFlexcanClkFreq	8	static
../drivers/fsl_clock.c:1614:10:CLOCK_GetEnetRmiiClkFreq	8	static
../drivers/fsl_clock.c:1641:10:CLOCK_GetEnetPtpRefClkFreq	8	static
../drivers/fsl_clock.c:1780:10:CLOCK_GetCmpFClkFreq	8	static
../drivers/fsl_clock.c:1820:10:CLOCK_GetCmpRRClkFreq	8	static
../drivers/fsl_clock.c:1860:10:CLOCK_GetSaiClkFreq	8	static
../drivers/fsl_clock.c:1956:10:CLOCK_GetEmvsimClkFreq	8	static
../drivers/fsl_clock.c:2045:10:CLOCK_GetPLLOutFromSetup	24	static
../drivers/fsl_clock.c:2073:13:CLOCK_SetupPLLData	48	static
../drivers/fsl_clock.c:2124:13:CLOCK_SetPLL0Freq	8	static
../drivers/fsl_clock.c:2182:13:CLOCK_SetPLL1Freq	8	static
../drivers/fsl_clock.c:2232:6:CLOCK_EnableOstimer32kClock	0	static
../drivers/fsl_clock.c:2332:10:CLOCK_GetMainClkFreq	0	static
../drivers/fsl_clock.c:2384:17:CLOCK_GetSystickClkFreq	8	static
../drivers/fsl_clock.c:2371:10:CLOCK_GetCoreSysClkFreq	8	static
../drivers/fsl_clock.c:837:10:CLOCK_GetFreq	8	static
../drivers/fsl_clock.c:2982:6:CLOCK_EnableUsbfsClock	0	static
../drivers/fsl_clock.c:3003:6:CLOCK_EnableUsbhsPhyPllClock	0	static
../drivers/fsl_clock.c:3091:6:CLOCK_DisableUsbhsPhyPllClock	0	static
../drivers/fsl_clock.c:3100:6:CLOCK_EnableUsbhsClock	0	static
../drivers/fsl_clock.c:3115:10:CLOCK_FIRCAutoTrimWithSOF	16	static
