../drivers/fsl_lpflexcomm.c:204:13:LP_FLEXCOMM_CommonIRQHandler	16	static
../drivers/fsl_lpflexcomm.c:94:10:LP_FLEXCOMM_GetBaseAddress	0	static
../drivers/fsl_lpflexcomm.c:104:10:LP_FLEXCOMM_GetInterruptStatus	0	static
../drivers/fsl_lpflexcomm.c:112:10:LP_FLEXCOMM_GetInstance	0	static
../drivers/fsl_lpflexcomm.c:163:10:LP_FLEXCOMM_Init	16	static
../drivers/fsl_lpflexcomm.c:180:6:LP_FLEXCOMM_Deinit	0	static
../drivers/fsl_lpflexcomm.c:192:6:LP_FLEXCOMM_SetIRQHandler	8	static
../drivers/fsl_lpflexcomm.c:240:6:LP_FLEXCOMM0_DriverIRQHandler	0	static
../drivers/fsl_lpflexcomm.c:248:6:LP_FLEXCOMM1_DriverIRQHandler	0	static
../drivers/fsl_lpflexcomm.c:256:6:LP_FLEXCOMM2_DriverIRQHandler	0	static
../drivers/fsl_lpflexcomm.c:264:6:LP_FLEXCOMM3_DriverIRQHandler	0	static
../drivers/fsl_lpflexcomm.c:272:6:LP_FLEXCOMM4_DriverIRQHandler	0	static
../drivers/fsl_lpflexcomm.c:280:6:LP_FLEXCOMM5_DriverIRQHandler	0	static
../drivers/fsl_lpflexcomm.c:288:6:LP_FLEXCOMM6_DriverIRQHandler	0	static
../drivers/fsl_lpflexcomm.c:296:6:LP_FLEXCOMM7_DriverIRQHandler	0	static
../drivers/fsl_lpflexcomm.c:304:6:LP_FLEXCOMM8_DriverIRQHandler	0	static
../drivers/fsl_lpflexcomm.c:312:6:LP_FLEXCOMM9_DriverIRQHandler	0	static
