../drivers/fsl_lpspi.c:1337:13:LPSPI_MasterTransferComplete	4	static
../drivers/fsl_lpspi.c:1764:13:LPSPI_SlaveTransferComplete	4	static
../drivers/fsl_lpspi.c:1975:17:LPSPI_CombineWriteData	8	static
../drivers/fsl_lpspi.c:1269:13:LPSPI_MasterTransferFillUpTxFifo	24	static
../drivers/fsl_lpspi.c:1732:13:LPSPI_SlaveTransferFillUpTxFifo	16	static
../drivers/fsl_lpspi.c:2059:13:LPSPI_SeparateReadData	12	static
../drivers/fsl_lpspi.c:1424:6:LPSPI_MasterTransferHandleIRQ	24	static
../drivers/fsl_lpspi.c:1862:6:LPSPI_SlaveTransferHandleIRQ	24	static
../drivers/fsl_common_arm.h:514:24:EnableIRQ.isra	0	static
../drivers/fsl_lpspi.c:138:10:LPSPI_GetInstance	0	static
../drivers/fsl_lpspi.c:166:6:LPSPI_SetDummyData	8	static
../drivers/fsl_lpspi.c:240:6:LPSPI_MasterGetDefaultConfig	8	static
../drivers/fsl_lpspi.c:272:6:LPSPI_SlaveInit	16	static
../drivers/fsl_lpspi.c:316:6:LPSPI_SlaveGetDefaultConfig	8	static
../drivers/fsl_lpspi.c:341:6:LPSPI_Reset	0	static
../drivers/fsl_lpspi.c:357:6:LPSPI_Deinit	8	static
../drivers/fsl_lpspi.c:402:10:LPSPI_MasterSetBaudRate	48	static
../drivers/fsl_lpspi.c:514:6:LPSPI_MasterSetDelayScaler	12	static
../drivers/fsl_lpspi.c:587:10:LPSPI_MasterSetDelayTimes	56	static
../drivers/fsl_lpspi.c:179:6:LPSPI_MasterInit	40	static
../drivers/fsl_lpspi.c:710:6:LPSPI_MasterTransferCreateHandle	24	static
../drivers/fsl_lpspi.c:738:6:LPSPI_CheckTransferArgument	20	static
../drivers/fsl_lpspi.c:824:10:LPSPI_MasterTransferBlocking	64	static
../drivers/fsl_lpspi.c:1092:10:LPSPI_MasterTransferNonBlocking	32	static
../drivers/fsl_lpspi.c:1362:10:LPSPI_MasterTransferGetCount	0	static
../drivers/fsl_lpspi.c:1402:6:LPSPI_MasterTransferAbort	8	static
../drivers/fsl_lpspi.c:1557:6:LPSPI_SlaveTransferCreateHandle	24	static
../drivers/fsl_lpspi.c:1597:10:LPSPI_SlaveTransferNonBlocking	24	static
../drivers/fsl_lpspi.c:1800:10:LPSPI_SlaveTransferGetCount	0	static
../drivers/fsl_lpspi.c:1840:6:LPSPI_SlaveTransferAbort	8	static
