../drivers/fsl_edma_soc.c:63:6:EDMA_0_CH0_DriverIRQHandler	0	static
../drivers/fsl_edma_soc.c:73:6:EDMA_0_CH1_DriverIRQHandler	0	static
../drivers/fsl_edma_soc.c:83:6:EDMA_0_CH2_DriverIRQHandler	0	static
../drivers/fsl_edma_soc.c:93:6:EDMA_0_CH3_DriverIRQHandler	0	static
../drivers/fsl_edma_soc.c:103:6:EDMA_0_CH4_DriverIRQHandler	0	static
../drivers/fsl_edma_soc.c:113:6:EDMA_0_CH5_DriverIRQHandler	0	static
../drivers/fsl_edma_soc.c:123:6:EDMA_0_CH6_DriverIRQHandler	0	static
../drivers/fsl_edma_soc.c:133:6:EDMA_0_CH7_DriverIRQHandler	0	static
../drivers/fsl_edma_soc.c:143:6:EDMA_0_CH8_DriverIRQHandler	0	static
../drivers/fsl_edma_soc.c:153:6:EDMA_0_CH9_DriverIRQHandler	0	static
../drivers/fsl_edma_soc.c:163:6:EDMA_0_CH10_DriverIRQHandler	0	static
../drivers/fsl_edma_soc.c:173:6:EDMA_0_CH11_DriverIRQHandler	0	static
../drivers/fsl_edma_soc.c:183:6:EDMA_0_CH12_DriverIRQHandler	0	static
../drivers/fsl_edma_soc.c:193:6:EDMA_0_CH13_DriverIRQHandler	0	static
../drivers/fsl_edma_soc.c:203:6:EDMA_0_CH14_DriverIRQHandler	0	static
../drivers/fsl_edma_soc.c:213:6:EDMA_0_CH15_DriverIRQHandler	0	static
../drivers/fsl_edma_soc.c:223:6:EDMA_1_CH0_DriverIRQHandler	0	static
../drivers/fsl_edma_soc.c:233:6:EDMA_1_CH1_DriverIRQHandler	0	static
../drivers/fsl_edma_soc.c:243:6:EDMA_1_CH2_DriverIRQHandler	0	static
../drivers/fsl_edma_soc.c:253:6:EDMA_1_CH3_DriverIRQHandler	0	static
../drivers/fsl_edma_soc.c:263:6:EDMA_1_CH4_DriverIRQHandler	0	static
../drivers/fsl_edma_soc.c:273:6:EDMA_1_CH5_DriverIRQHandler	0	static
../drivers/fsl_edma_soc.c:283:6:EDMA_1_CH6_DriverIRQHandler	0	static
../drivers/fsl_edma_soc.c:293:6:EDMA_1_CH7_DriverIRQHandler	0	static
../drivers/fsl_edma_soc.c:303:6:EDMA_1_CH8_DriverIRQHandler	0	static
../drivers/fsl_edma_soc.c:313:6:EDMA_1_CH9_DriverIRQHandler	0	static
../drivers/fsl_edma_soc.c:323:6:EDMA_1_CH10_DriverIRQHandler	0	static
../drivers/fsl_edma_soc.c:333:6:EDMA_1_CH11_DriverIRQHandler	0	static
../drivers/fsl_edma_soc.c:343:6:EDMA_1_CH12_DriverIRQHandler	0	static
../drivers/fsl_edma_soc.c:353:6:EDMA_1_CH13_DriverIRQHandler	0	static
../drivers/fsl_edma_soc.c:363:6:EDMA_1_CH14_DriverIRQHandler	0	static
../drivers/fsl_edma_soc.c:373:6:EDMA_1_CH15_DriverIRQHandler	0	static
