Archive member included to satisfy reference by file (symbol)

c:/nxp/mcuxpressoide_11.9.1_2170/ide/plugins/com.nxp.mcuxpresso.tools.win32_11.9.1.202402080819/tools/bin/../lib/gcc/arm-none-eabi/12.3.1/../../../../arm-none-eabi/lib/thumb/v8-m.main+fp/hard\libcr_nohost_nf.a(_cr__main.o)
                              ./startup/startup_mcxn947_cm33_core0.o (__main)
c:/nxp/mcuxpressoide_11.9.1_2170/ide/plugins/com.nxp.mcuxpresso.tools.win32_11.9.1.202402080819/tools/bin/../lib/gcc/arm-none-eabi/12.3.1/../../../../arm-none-eabi/lib/thumb/v8-m.main+fp/hard\libcr_c.a(memset.o)
                              ./drivers/fsl_edma.o (memset)
c:/nxp/mcuxpressoide_11.9.1_2170/ide/plugins/com.nxp.mcuxpresso.tools.win32_11.9.1.202402080819/tools/bin/../lib/gcc/arm-none-eabi/12.3.1/../../../../arm-none-eabi/lib/thumb/v8-m.main+fp/hard\libcr_c.a(alloc.o)
                              ./drivers/fsl_common.o (malloc)
c:/nxp/mcuxpressoide_11.9.1_2170/ide/plugins/com.nxp.mcuxpresso.tools.win32_11.9.1.202402080819/tools/bin/../lib/gcc/arm-none-eabi/12.3.1/../../../../arm-none-eabi/lib/thumb/v8-m.main+fp/hard\libcr_c.a(errno.o)
                              ./utilities/fsl_str.o (errno)
c:/nxp/mcuxpressoide_11.9.1_2170/ide/plugins/com.nxp.mcuxpresso.tools.win32_11.9.1.202402080819/tools/bin/../lib/gcc/arm-none-eabi/12.3.1/../../../../arm-none-eabi/lib/thumb/v8-m.main+fp/hard\libcr_c.a(initio.o)
                              c:/nxp/mcuxpressoide_11.9.1_2170/ide/plugins/com.nxp.mcuxpresso.tools.win32_11.9.1.202402080819/tools/bin/../lib/gcc/arm-none-eabi/12.3.1/../../../../arm-none-eabi/lib/thumb/v8-m.main+fp/hard\libcr_nohost_nf.a(_cr__main.o) (_initio)
c:/nxp/mcuxpressoide_11.9.1_2170/ide/plugins/com.nxp.mcuxpresso.tools.win32_11.9.1.202402080819/tools/bin/../lib/gcc/arm-none-eabi/12.3.1/../../../../arm-none-eabi/lib/thumb/v8-m.main+fp/hard\libcr_c.a(scanf.o)
                              ./utilities/fsl_str.o (strtoul)
c:/nxp/mcuxpressoide_11.9.1_2170/ide/plugins/com.nxp.mcuxpresso.tools.win32_11.9.1.202402080819/tools/bin/../lib/gcc/arm-none-eabi/12.3.1/../../../../arm-none-eabi/lib/thumb/v8-m.main+fp/hard\libcr_c.a(setvbuf.o)
                              c:/nxp/mcuxpressoide_11.9.1_2170/ide/plugins/com.nxp.mcuxpresso.tools.win32_11.9.1.202402080819/tools/bin/../lib/gcc/arm-none-eabi/12.3.1/../../../../arm-none-eabi/lib/thumb/v8-m.main+fp/hard\libcr_c.a(initio.o) (setvbuf)
c:/nxp/mcuxpressoide_11.9.1_2170/ide/plugins/com.nxp.mcuxpresso.tools.win32_11.9.1.202402080819/tools/bin/../lib/gcc/arm-none-eabi/12.3.1/../../../../arm-none-eabi/lib/thumb/v8-m.main+fp/hard\libcr_c.a(strlen.o)
                              ./utilities/fsl_debug_console.o (strlen)
c:/nxp/mcuxpressoide_11.9.1_2170/ide/plugins/com.nxp.mcuxpresso.tools.win32_11.9.1.202402080819/tools/bin/../lib/gcc/arm-none-eabi/12.3.1/../../../../arm-none-eabi/lib/thumb/v8-m.main+fp/hard\libcr_c.a(ungetc.o)
                              c:/nxp/mcuxpressoide_11.9.1_2170/ide/plugins/com.nxp.mcuxpresso.tools.win32_11.9.1.202402080819/tools/bin/../lib/gcc/arm-none-eabi/12.3.1/../../../../arm-none-eabi/lib/thumb/v8-m.main+fp/hard\libcr_c.a(scanf.o) (ungetc)
c:/nxp/mcuxpressoide_11.9.1_2170/ide/plugins/com.nxp.mcuxpresso.tools.win32_11.9.1.202402080819/tools/bin/../lib/gcc/arm-none-eabi/12.3.1/../../../../arm-none-eabi/lib/thumb/v8-m.main+fp/hard\libcr_c.a(__fillbuf.o)
                              c:/nxp/mcuxpressoide_11.9.1_2170/ide/plugins/com.nxp.mcuxpresso.tools.win32_11.9.1.202402080819/tools/bin/../lib/gcc/arm-none-eabi/12.3.1/../../../../arm-none-eabi/lib/thumb/v8-m.main+fp/hard\libcr_c.a(scanf.o) (__filbuf)
c:/nxp/mcuxpressoide_11.9.1_2170/ide/plugins/com.nxp.mcuxpresso.tools.win32_11.9.1.202402080819/tools/bin/../lib/gcc/arm-none-eabi/12.3.1/../../../../arm-none-eabi/lib/thumb/v8-m.main+fp/hard\libcr_c.a(__init_alloc.o)
                              c:/nxp/mcuxpressoide_11.9.1_2170/ide/plugins/com.nxp.mcuxpresso.tools.win32_11.9.1.202402080819/tools/bin/../lib/gcc/arm-none-eabi/12.3.1/../../../../arm-none-eabi/lib/thumb/v8-m.main+fp/hard\libcr_c.a(alloc.o) (__heaps)
c:/nxp/mcuxpressoide_11.9.1_2170/ide/plugins/com.nxp.mcuxpresso.tools.win32_11.9.1.202402080819/tools/bin/../lib/gcc/arm-none-eabi/12.3.1/../../../../arm-none-eabi/lib/thumb/v8-m.main+fp/hard\libcr_c.a(_cr_sbrk.o)
                              c:/nxp/mcuxpressoide_11.9.1_2170/ide/plugins/com.nxp.mcuxpresso.tools.win32_11.9.1.202402080819/tools/bin/../lib/gcc/arm-none-eabi/12.3.1/../../../../arm-none-eabi/lib/thumb/v8-m.main+fp/hard\libcr_c.a(alloc.o) (_sbrk)
c:/nxp/mcuxpressoide_11.9.1_2170/ide/plugins/com.nxp.mcuxpresso.tools.win32_11.9.1.202402080819/tools/bin/../lib/gcc/arm-none-eabi/12.3.1/../../../../arm-none-eabi/lib/thumb/v8-m.main+fp/hard\libcr_c.a(_deferredlazyseek.o)
[...]
Memory Configuration

Name             Origin             Length             Attributes
PROGRAM_FLASH0   0x00000000         0x00100000         xr
PROGRAM_FLASH1   0x00100000         0x00100000         xr
SRAM             0x20000000         0x00060000         xrw
SRAMX            0x04000000         0x00018000         xrw
SRAMH            0x20060000         0x00008000         xrw
USB_RAM          0x400ba000         0x00001000         xrw
*default*        0x00000000         0xffffffff

Linker script and memory map

LOAD ./utilities/fsl_assert.o
LOAD ./utilities/fsl_debug_console.o
LOAD ./utilities/fsl_memcpy.o
LOAD ./utilities/fsl_str.o
LOAD ./utilities/systick_utils.o
LOAD ./startup/boot_multicore_slave.o
LOAD ./startup/startup_mcxn947_cm33_core0.o
LOAD ./source/nmh1000_example.o
LOAD ./source/semihost_hardfault.o
LOAD ./sensors/nmh1000_drv.o
LOAD ./interfaces/register_io_i2c.o
LOAD ./interfaces/register_io_spi.o
LOAD ./interfaces/sensor_io_i2c.o
LOAD ./interfaces/sensor_io_spi.o
LOAD ./gpio_driver/gpio_driver.o
LOAD ./gpio_driver/gpio_driver_irq.o
LOAD ./drivers/fsl_clock.o
LOAD ./drivers/fsl_common.o
LOAD ./drivers/fsl_common_arm.o
LOAD ./drivers/fsl_edma.o
LOAD ./drivers/fsl_edma_soc.o
LOAD ./drivers/fsl_gpio.o
LOAD ./drivers/fsl_lpflexcomm.o
LOAD ./drivers/fsl_lpi2c.o
LOAD ./drivers/fsl_lpi2c_cmsis.o
LOAD ./drivers/fsl_lpi2c_edma.o
LOAD ./drivers/fsl_lpspi.o
LOAD ./drivers/fsl_lpspi_cmsis.o
LOAD ./drivers/fsl_lpspi_edma.o
LOAD ./drivers/fsl_lpuart.o
LOAD ./drivers/fsl_lpuart_cmsis.o
LOAD ./drivers/fsl_lpuart_edma.o
LOAD ./drivers/fsl_reset.o
LOAD ./drivers/fsl_spc.o
LOAD ./device/system_MCXN947_cm33_core0.o
LOAD ./component/uart/fsl_adapter_lpuart.o
LOAD ./component/lists/fsl_component_generic_list.o
LOAD ./board/board.o
LOAD ./board/clock_config.o
LOAD ./board/frdmmcxn947.o
LOAD ./board/pin_mux.o
START GROUP
LOAD c:/nxp/mcuxpressoide_11.9.1_2170/ide/plugins/com.nxp.mcuxpresso.tools.win32_11.9.1.202402080819/tools/bin/../lib/gcc/arm-none-eabi/12.3.1/../../../../arm-none-eabi/lib/thumb/v8-m.main+fp/hard\libcr_nohost_nf.a
LOAD c:/nxp/mcuxpressoide_11.9.1_2170/ide/plugins/com.nxp.mcuxpresso.tools.win32_11.9.1.202402080819/tools/bin/../lib/gcc/arm-none-eabi/12.3.1/../../../../arm-none-eabi/lib/thumb/v8-m.main+fp/hard\libcr_c.a
LOAD c:/nxp/mcuxpressoide_11.9.1_2170/ide/plugins/com.nxp.mcuxpresso.tools.win32_11.9.1.202402080819/tools/bin/../lib/gcc/arm-none-eabi/12.3.1/thumb/v8-m.main+fp/hard\libcr_eabihelpers.a
LOAD c:/nxp/mcuxpressoide_11.9.1_2170/ide/plugins/com.nxp.mcuxpresso.tools.win32_11.9.1.202402080819/tools/bin/../lib/gcc/arm-none-eabi/12.3.1/thumb/v8-m.main+fp/hard\libgcc.a
END GROUP
                0x00000000                        __base_PROGRAM_FLASH0 = 0x0
                0x00000000                        __base_Flash = 0x0
                0x00100000                        __top_PROGRAM_FLASH0 = 0x100000
                0x00100000                        __top_Flash = 0x100000
                0x00100000                        __base_PROGRAM_FLASH1 = 0x100000
                0x00100000                        __base_Flash2 = 0x100000
                0x00200000                        __top_PROGRAM_FLASH1 = 0x200000
                0x00200000                        __top_Flash2 = 0x200000
                0x20000000                        __base_SRAM = 0x20000000
                0x20000000                        __base_RAM = 0x20000000
                0x20060000                        __top_SRAM = 0x20060000
                0x20060000                        __top_RAM = 0x20060000
                0x04000000                        __base_SRAMX = 0x4000000
                0x04000000                        __base_RAM2 = 0x4000000
                0x04018000                        __top_SRAMX = 0x4018000
                0x04018000                        __top_RAM2 = 0x4018000
                0x20060000                        __base_SRAMH = 0x20060000
                0x20060000                        __base_RAM3 = 0x20060000
                0x20068000                        __top_SRAMH = 0x20068000
                0x20068000                        __top_RAM3 = 0x20068000
                0x400ba000                        __base_USB_RAM = 0x400ba000
                0x400ba000                        __base_RAM4 = 0x400ba000
                0x400bb000                        __top_USB_RAM = 0x400bb000
                0x400bb000                        __top_RAM4 = 0x400bb000

.text_Flash2    0x00100000        0x0
 FILL mask 0xff
 *(SORT_BY_ALIGNMENT(.text_Flash2))
 *(SORT_BY_ALIGNMENT(.text_PROGRAM_FLASH1))
 *(SORT_BY_ALIGNMENT(.text.$Flash2))
 *(SORT_BY_ALIGNMENT(.text.$PROGRAM_FLASH1))
 *(SORT_BY_ALIGNMENT(.text_Flash2.*))
 *(SORT_BY_ALIGNMENT(.text_PROGRAM_FLASH1.*))
 *(SORT_BY_ALIGNMENT(.text.$Flash2.*))
 *(SORT_BY_ALIGNMENT(.text.$PROGRAM_FLASH1.*))
 *(SORT_BY_ALIGNMENT(.rodata.$Flash2))
 *(SORT_BY_ALIGNMENT(.rodata.$PROGRAM_FLASH1))
 *(SORT_BY_ALIGNMENT(.rodata.$Flash2.*))
 *(SORT_BY_ALIGNMENT(.rodata.$PROGRAM_FLASH1.*))

.text           0x00000000     0x42e4
 FILL mask 0xff
                0x00000000                        __vectors_start__ = ABSOLUTE (.)
 *(SORT_BY_ALIGNMENT(.isr_vector))
 .isr_vector    0x00000000      0x2b0 ./startup/startup_mcxn947_cm33_core0.o
                0x00000000                g_pfnVectors
                0x00000000                __Vectors
                0x000002b0                        . = ALIGN (0x4)
                0x000002b0                        __section_table_start = .
                0x000002b0                        __data_section_table = .
                0x000002b0        0x4 LONG 0x42e4 LOADADDR (.data)
                0x000002b4        0x4 LONG 0x20000000 ADDR (.data)
                0x000002b8        0x4 LONG 0x6c SIZEOF (.data)
                0x000002bc        0x4 LONG 0x42e4 LOADADDR (.data_RAM2)
                0x000002c0        0x4 LONG 0x4000000 ADDR (.data_RAM2)
                0x000002c4        0x4 LONG 0x0 SIZEOF (.data_RAM2)
                0x000002c8        0x4 LONG 0x42e4 LOADADDR (.data_RAM3)
                0x000002cc        0x4 LONG 0x20060000 ADDR (.data_RAM3)
                0x000002d0        0x4 LONG 0x0 SIZEOF (.data_RAM3)
                0x000002d4        0x4 LONG 0x42e4 LOADADDR (.data_RAM4)
                0x000002d8        0x4 LONG 0x400ba000 ADDR (.data_RAM4)
                0x000002dc        0x4 LONG 0x0 SIZEOF (.data_RAM4)
                0x000002e0                        __data_section_table_end = .
                0x000002e0                        __bss_section_table = .
                0x000002e0        0x4 LONG 0x2000006c ADDR (.bss)
                0x000002e4        0x4 LONG 0x828 SIZEOF (.bss)
                0x000002e8        0x4 LONG 0x4000000 ADDR (.bss_RAM2)
                0x000002ec        0x4 LONG 0x0 SIZEOF (.bss_RAM2)
                0x000002f0        0x4 LONG 0x20060000 ADDR (.bss_RAM3)
                0x000002f4        0x4 LONG 0x0 SIZEOF (.bss_RAM3)
                0x000002f8        0x4 LONG 0x400ba000 ADDR (.bss_RAM4)
                0x000002fc        0x4 LONG 0x0 SIZEOF (.bss_RAM4)
                0x00000300                        __bss_section_table_end = .
                0x00000300                        __section_table_end = .
 *(SORT_BY_ALIGNMENT(.after_vectors*))
 .after_vectors.reset
                0x00000300       0x64 ./startup/startup_mcxn947_cm33_core0.o
                0x00000300                ResetISR
 .after_vectors
                0x00000364       0x16 ./startup/startup_mcxn947_cm33_core0.o
                0x00000364                NMI_Handler
                0x00000368                MemManage_Handler
                0x0000036a                BusFault_Handler
                0x0000036c                UsageFault_Handler
                0x0000036e                SecureFault_Handler
                0x00000370                SVC_Handler
                0x00000372                DebugMon_Handler
                0x00000374                PendSV_Handler
                0x00000378                SCG_DriverIRQHandler
                0x00000378                PKC_ERR_DriverIRQHandler
                0x00000378                LPTMR0_DriverIRQHandler
                0x00000378                FLEXPWM1_SUBMODULE1_DriverIRQHandler
                0x00000378                FLEXPWM0_SUBMODULE1_DriverIRQHandler
                0x00000378                CMC0_DriverIRQHandler
                0x00000378                ENC0_IDX_DriverIRQHandler
                0x00000378                I3C0_DriverIRQHandler
                0x00000378                FLEXPWM0_RELOAD_ERROR_DriverIRQHandler
                0x00000378                TRNG0_DriverIRQHandler
                0x00000378                SEC_VIO_DriverIRQHandler
                0x00000378                ERM_MULTI_BIT_ERROR_DriverIRQHandler
                0x00000378                GPIO31_DriverIRQHandler
                0x00000378                EWM0_DriverIRQHandler
                0x00000378                PKC_DriverIRQHandler
                0x00000378                USB1_HS_PHY_DriverIRQHandler
                0x00000378                ELS_DriverIRQHandler
                0x00000378                ETHERNET_DriverIRQHandler
                0x00000378                FLEXPWM1_SUBMODULE3_DriverIRQHandler
                0x00000378                DAC1_DriverIRQHandler
                0x00000378                CTIMER2_DriverIRQHandler
                0x00000378                EMVSIM0_DriverIRQHandler
                0x00000378                ITRC0_DriverIRQHandler
                0x00000378                ETB0_DriverIRQHandler
                0x00000378                Freqme_DriverIRQHandler
                0x00000378                Reserved80_DriverIRQHandler
                0x00000378                IntDefaultHandler
                0x00000378                ELS_ERR_DriverIRQHandler
                0x00000378                FLEXIO_DriverIRQHandler
                0x00000378                DAC0_DriverIRQHandler
                0x00000378                MRT0_DriverIRQHandler
                0x00000378                USB0_FS_DriverIRQHandler
                0x00000378                FLEXPWM0_SUBMODULE2_DriverIRQHandler
                0x00000378                GPIO01_DriverIRQHandler
                0x00000378                WWDT0_DriverIRQHandler
                0x00000378                USDHC0_DriverIRQHandler
                0x00000378                GPIO00_DriverIRQHandler
                0x00000378                GPIO11_DriverIRQHandler
                0x00000378                CTIMER4_DriverIRQHandler
                0x00000378                BSP32_DriverIRQHandler
                0x00000378                FLEXPWM0_FAULT_DriverIRQHandler
                0x00000378                SAI1_DriverIRQHandler
                0x00000378                ERM_SINGLE_BIT_ERROR_DriverIRQHandler
                0x00000378                GPIO21_DriverIRQHandler
                0x00000378                FLEXPWM1_FAULT_DriverIRQHandler
                0x00000378                GPIO30_DriverIRQHandler
                0x00000378                CTIMER0_DriverIRQHandler
                0x00000378                CTIMER1_DriverIRQHandler
                0x00000378                WWDT1_DriverIRQHandler
                0x00000378                ADC1_DriverIRQHandler
                0x00000378                ENC0_HOME_DriverIRQHandler
                0x00000378                PQ_DriverIRQHandler
                0x00000378                ETHERNET_MACLP_DriverIRQHandler
                0x00000378                USB0_DCD_DriverIRQHandler
                0x00000378                MAILBOX_DriverIRQHandler
                0x00000378                WUU_DriverIRQHandler
                0x00000378                CTIMER3_DriverIRQHandler
                0x00000378                FLEXPWM1_SUBMODULE0_DriverIRQHandler
                0x00000378                SM3_DriverIRQHandler
                0x00000378                CDOG1_DriverIRQHandler
                0x00000378                TSI_OUT_OF_SCAN_DriverIRQHandler
                0x00000378                ENC0_WDG_SAB_DriverIRQHandler
                0x00000378                PUF_DriverIRQHandler
                0x00000378                SPC_DriverIRQHandler
                0x00000378                RTC_DriverIRQHandler
                0x00000378                VBAT0_DriverIRQHandler
                0x00000378                Reserved65_DriverIRQHandler
                0x00000378                HSCMP2_DriverIRQHandler
                0x00000378                PINT0_DriverIRQHandler
                0x00000378                PDM_EVENT_DriverIRQHandler
                0x00000378                UTICK0_DriverIRQHandler
                0x00000378                ETHERNET_PMT_DriverIRQHandler
                0x00000378                FLEXPWM1_RELOAD_ERROR_DriverIRQHandler
                0x00000378                FMU0_DriverIRQHandler
                0x00000378                LPTMR1_DriverIRQHandler
                0x00000378                GPIO40_DriverIRQHandler
                0x00000378                CTI0_DriverIRQHandler
                0x00000378                FLEXPWM1_SUBMODULE2_DriverIRQHandler
                0x00000378                ENC1_HOME_DriverIRQHandler
                0x00000378                GPIO20_DriverIRQHandler
                0x00000378                GDET_DriverIRQHandler
                0x00000378                PORT_EFT_DriverIRQHandler
                0x00000378                Reserved85_DriverIRQHandler
                0x00000378                Reserved81_DriverIRQHandler
                0x00000378                TSI_END_OF_SCAN_DriverIRQHandler
                0x00000378                ENC1_IDX_DriverIRQHandler
                0x00000378                FLEXPWM0_SUBMODULE3_DriverIRQHandler
                0x00000378                ADC0_DriverIRQHandler
                0x00000378                OR_DriverIRQHandler
                0x00000378                USB1_HS_DriverIRQHandler
                0x00000378                DAC2_DriverIRQHandler
                0x00000378                GPIO51_DriverIRQHandler
                0x00000378                HSCMP0_DriverIRQHandler
                0x00000378                CDOG0_DriverIRQHandler
                0x00000378                CAN0_DriverIRQHandler
                0x00000378                SMARTDMA_DriverIRQHandler
                0x00000378                SAI0_DriverIRQHandler
                0x00000378                EMVSIM1_DriverIRQHandler
                0x00000378                I3C1_DriverIRQHandler
                0x00000378                ENC0_COMPARE_DriverIRQHandler
                0x00000378                HSCMP1_DriverIRQHandler
                0x00000378                FLEXSPI0_DriverIRQHandler
                0x00000378                GPIO50_DriverIRQHandler
                0x00000378                GPIO10_DriverIRQHandler
                0x00000378                SCT0_DriverIRQHandler
                0x00000378                CAN1_DriverIRQHandler
                0x00000378                ENC1_COMPARE_DriverIRQHandler
                0x00000378                PLU_DriverIRQHandler
                0x00000378                FLEXPWM0_SUBMODULE0_DriverIRQHandler
                0x00000378                OS_EVENT_DriverIRQHandler
                0x00000378                ENC1_WDG_SAB_DriverIRQHandler
                0x00000378                SINC_FILTER_DriverIRQHandler
                0x00000378                NPU_DriverIRQHandler
                0x00000378                GPIO41_DriverIRQHandler
                0x00000378                SEC_HYPERVISOR_CALL_DriverIRQHandler
 .after_vectors.init_data
                0x0000037a       0x12 ./startup/startup_mcxn947_cm33_core0.o
                0x0000037a                data_init
 .after_vectors.init_bss
                0x0000038c       0x10 ./startup/startup_mcxn947_cm33_core0.o
                0x0000038c                bss_init
 *(SORT_BY_ALIGNMENT(.text*))
 .text.DbgConsole_Init
                0x0000039c       0x50 ./utilities/fsl_debug_console.o
                0x0000039c                DbgConsole_Init
 .text.DbgConsole_Putchar
                0x000003ec       0x24 ./utilities/fsl_debug_console.o
                0x000003ec                DbgConsole_Putchar
 .text.DbgConsole_Vprintf
                0x00000410      0x6ac ./utilities/fsl_debug_console.o
                0x00000410                DbgConsole_Vprintf
 .text          0x00000abc       0xa0 ./utilities/fsl_memcpy.o
                0x00000abc                memcpy
 .text.SysTick_Handler
                0x00000b5c       0x10 ./utilities/systick_utils.o
                0x00000b5c                SysTick_Handler
 .text.startup.main
                0x00000b6c      0x138 ./source/nmh1000_example.o
                0x00000b6c                main
 .text.I2C2_SignalEvent_t
                0x00000ca4       0x18 ./interfaces/register_io_i2c.o
                0x00000ca4                I2C2_SignalEvent_t
 .text.Register_I2C_Write
                0x00000cbc      0x134 ./interfaces/register_io_i2c.o
                0x00000cbc                Register_I2C_Write
 .text.Register_I2C_Read
                0x00000df0       0xc8 ./interfaces/register_io_i2c.o
                0x00000df0                Register_I2C_Read
 .text.ksdk_gpio_get_version
                0x00000eb8       0x20 ./gpio_driver/gpio_driver.o
                0x00000eb8                ksdk_gpio_get_version
 .text.ksdk_gpio_pin_init
                0x00000ed8       0xec ./gpio_driver/gpio_driver.o
                0x00000ed8                ksdk_gpio_pin_init
 .text.CLOCK_GetFro12MFreq
                0x00000fc4       0x1c ./drivers/fsl_clock.o
 .text.CLOCK_GetClk48MFreq
                0x00000fe0       0x1c ./drivers/fsl_clock.o
 .text.CLOCK_GetExtClkFreq
                0x00000ffc       0x1c ./drivers/fsl_clock.o
 .text.CLOCK_GetFroHfFreq
                0x00001018       0x2c ./drivers/fsl_clock.o
 .text.CLOCK_GetOsc32KFreq
                0x00001044       0x28 ./drivers/fsl_clock.o
 .text.CLOCK_GetLposcFreq
                0x0000106c       0x18 ./drivers/fsl_clock.o
 .text.CLOCK_SetupFROHFClocking
                0x00001084       0x68 ./drivers/fsl_clock.o
                0x00001084                CLOCK_SetupFROHFClocking
 .text.CLOCK_SetPll0MonitorMode
                0x000010ec       0x18 ./drivers/fsl_clock.o
                0x000010ec                CLOCK_SetPll0MonitorMode
 .text.CLOCK_AttachClk
                0x00001104       0x60 ./drivers/fsl_clock.o
                0x00001104                CLOCK_AttachClk
 .text.CLOCK_GetPLL0InClockRate
                0x00001164       0x2c ./drivers/fsl_clock.o
                0x00001164                CLOCK_GetPLL0InClockRate
 .text.CLOCK_GetPll0OutFreq
                0x00001190       0xe8 ./drivers/fsl_clock.o
                0x00001190                CLOCK_GetPll0OutFreq
 .text.CLOCK_GetPLL1InClockRate
                0x00001278       0x2c ./drivers/fsl_clock.o
                0x00001278                CLOCK_GetPLL1InClockRate
 .text.CLOCK_GetPll1OutFreq
                0x000012a4       0xe8 ./drivers/fsl_clock.o
                0x000012a4                CLOCK_GetPll1OutFreq
 .text.CLOCK_GetLPFlexCommClkFreq
                0x0000138c       0x5c ./drivers/fsl_clock.o
                0x0000138c                CLOCK_GetLPFlexCommClkFreq
 .text.CLOCK_SetPLL0Freq
                0x000013e8       0xc4 ./drivers/fsl_clock.o
                0x000013e8                CLOCK_SetPLL0Freq
 .text.EDMA_DriverIRQHandler
                0x000014ac       0x2c ./drivers/fsl_edma.o
                0x000014ac                EDMA_DriverIRQHandler
 .text.LP_FLEXCOMM_CommonIRQHandler
                0x000014d8       0x70 ./drivers/fsl_lpflexcomm.o
 .text.LP_FLEXCOMM_GetBaseAddress
                0x00001548       0x14 ./drivers/fsl_lpflexcomm.o
                0x00001548                LP_FLEXCOMM_GetBaseAddress
 .text.LP_FLEXCOMM_Init
                0x0000155c       0xa0 ./drivers/fsl_lpflexcomm.o
                0x0000155c                LP_FLEXCOMM_Init
 .text.LP_FLEXCOMM_Deinit
                0x000015fc       0x6c ./drivers/fsl_lpflexcomm.o
                0x000015fc                LP_FLEXCOMM_Deinit
 .text.LP_FLEXCOMM_SetIRQHandler
                0x00001668       0x20 ./drivers/fsl_lpflexcomm.o
                0x00001668                LP_FLEXCOMM_SetIRQHandler
 .text.__NVIC_EnableIRQ
                0x00001688       0x1c ./drivers/fsl_lpi2c.o
 .text.LPI2C_GetCyclesForWidth
                0x000016a4       0x48 ./drivers/fsl_lpi2c.o
 .text.LPI2C_SlaveTransferHandleIRQ
                0x000016ec      0x19c ./drivers/fsl_lpi2c.o
                0x000016ec                LPI2C_SlaveTransferHandleIRQ
 .text.LPI2C_GetInstance
                0x00001888       0x1c ./drivers/fsl_lpi2c.o
                0x00001888                LPI2C_GetInstance
 .text.LPI2C_MasterGetDefaultConfig
                0x000018a4       0x2c ./drivers/fsl_lpi2c.o
                0x000018a4                LPI2C_MasterGetDefaultConfig
 .text.LPI2C_MasterDeinit
                0x000018d0       0x38 ./drivers/fsl_lpi2c.o
                0x000018d0                LPI2C_MasterDeinit
 .text.LPI2C_MasterInit
                0x00001908      0x120 ./drivers/fsl_lpi2c.o
                0x00001908                LPI2C_MasterInit
 .text.LPI2C_MasterTransferCreateHandle
                0x00001a28       0x88 ./drivers/fsl_lpi2c.o
                0x00001a28                LPI2C_MasterTransferCreateHandle
 .text.LPI2C_MasterTransferAbort
                0x00001ab0       0x34 ./drivers/fsl_lpi2c.o
                0x00001ab0                LPI2C_MasterTransferAbort
 .text.LPI2C_MasterTransferHandleIRQ
                0x00001ae4      0x1bc ./drivers/fsl_lpi2c.o
                0x00001ae4                LPI2C_MasterTransferHandleIRQ
 .text.LPI2C_SlaveInit
                0x00001ca0      0x114 ./drivers/fsl_lpi2c.o
                0x00001ca0                LPI2C_SlaveInit
 .text.LPI2C_SlaveTransferCreateHandle
                0x00001db4       0x8c ./drivers/fsl_lpi2c.o
                0x00001db4                LPI2C_SlaveTransferCreateHandle
 .text.LPI2Cx_GetVersion
                0x00001e40       0x20 ./drivers/fsl_lpi2c_cmsis.o
 .text.LPI2C2_InterruptUninitialize
                0x00001e60       0x14 ./drivers/fsl_lpi2c_cmsis.o
 .text.LPI2C2_InterruptGetStatus
                0x00001e74       0x44 ./drivers/fsl_lpi2c_cmsis.o
 .text.LPI2C_InterruptControl.constprop.0
                0x00001eb8       0x98 ./drivers/fsl_lpi2c_cmsis.o
 .text.LPI2C2_InterruptPowerControl
                0x00001f50       0x80 ./drivers/fsl_lpi2c_cmsis.o
 .text.LPI2C2_InterruptGetDataCount
                0x00001fd0       0x30 ./drivers/fsl_lpi2c_cmsis.o
 .text.LPI2C2_Slave_InterruptTransmit
                0x00002000       0x48 ./drivers/fsl_lpi2c_cmsis.o
 .text.LPI2C2_Master_InterruptReceive
                0x00002048       0x6c ./drivers/fsl_lpi2c_cmsis.o
 .text.LPI2C2_Master_InterruptTransmit
                0x000020b4       0x64 ./drivers/fsl_lpi2c_cmsis.o
 .text.LPI2C2_InterruptInitialize
                0x00002118       0x20 ./drivers/fsl_lpi2c_cmsis.o
 .text.KSDK_LPI2C2_SLAVE_InterruptCallback
                0x00002138       0x2c ./drivers/fsl_lpi2c_cmsis.o
 .text.LPUART_GetInstance
                0x00002164       0x1c ./drivers/fsl_lpuart.o
                0x00002164                LPUART_GetInstance
 .text.LPUART_Init
                0x00002180      0x204 ./drivers/fsl_lpuart.o
                0x00002180                LPUART_Init
 .text.LPUART_GetStatusFlags
                0x00002384       0x34 ./drivers/fsl_lpuart.o
                0x00002384                LPUART_GetStatusFlags
 .text.LPUART_ClearStatusFlags
                0x000023b8       0x44 ./drivers/fsl_lpuart.o
                0x000023b8                LPUART_ClearStatusFlags
 .text.SystemInit
                0x000023fc       0xd4 ./device/system_MCXN947_cm33_core0.o
                0x000023fc                SystemInit
 .text.HAL_UartInit
                0x000024d0       0x9c ./component/uart/fsl_adapter_lpuart.o
                0x000024d0                HAL_UartInit
 .text.HAL_UartReceiveBlocking
                0x0000256c       0x20 ./component/uart/fsl_adapter_lpuart.o
                0x0000256c                HAL_UartReceiveBlocking
 .text.HAL_UartSendBlocking
                0x0000258c       0x18 ./component/uart/fsl_adapter_lpuart.o
                0x0000258c                HAL_UartSendBlocking
 .text.BOARD_InitDebugConsole
                0x000025a4       0x2c ./board/board.o
                0x000025a4                BOARD_InitDebugConsole
 .text.BOARD_PowerMode_OD
                0x000025d0       0x30 ./board/board.o
                0x000025d0                BOARD_PowerMode_OD
 .text.BOARD_BootClockPLL150M
                0x00002600       0xb4 ./board/clock_config.o
                0x00002600                BOARD_BootClockPLL150M
 .text.BOARD_InitPins
                0x000026b4       0x54 ./board/pin_mux.o
                0x000026b4                BOARD_InitPins
 .text._initio  0x00002708       0x78 c:/nxp/mcuxpressoide_11.9.1_2170/ide/plugins/com.nxp.mcuxpresso.tools.win32_11.9.1.202402080819/tools/bin/../lib/gcc/arm-none-eabi/12.3.1/../../../../arm-none-eabi/lib/thumb/v8-m.main+fp/hard\libcr_c.a(initio.o)
                0x00002708                _initio
 .text._Cwritebuf
                0x00002780       0x6c c:/nxp/mcuxpressoide_11.9.1_2170/ide/plugins/com.nxp.mcuxpresso.tools.win32_11.9.1.202402080819/tools/bin/../lib/gcc/arm-none-eabi/12.3.1/../../../../arm-none-eabi/lib/thumb/v8-m.main+fp/hard\libcr_c.a(_writebuf.o)
                0x00002780                _Cwritebuf
 .text.fflush   0x000027ec       0x3c c:/nxp/mcuxpressoide_11.9.1_2170/ide/plugins/com.nxp.mcuxpresso.tools.win32_11.9.1.202402080819/tools/bin/../lib/gcc/arm-none-eabi/12.3.1/../../../../arm-none-eabi/lib/thumb/v8-m.main+fp/hard\libcr_c.a(fflush.o)
                0x000027ec                fflush
 .text.fseek    0x00002828       0xf8 c:/nxp/mcuxpressoide_11.9.1_2170/ide/plugins/com.nxp.mcuxpresso.tools.win32_11.9.1.202402080819/tools/bin/../lib/gcc/arm-none-eabi/12.3.1/../../../../arm-none-eabi/lib/thumb/v8-m.main+fp/hard\libcr_c.a(fseek.o)
                0x00002828                fseek
 .text.ftell    0x00002920       0x44 c:/nxp/mcuxpressoide_11.9.1_2170/ide/plugins/com.nxp.mcuxpresso.tools.win32_11.9.1.202402080819/tools/bin/../lib/gcc/arm-none-eabi/12.3.1/../../../../arm-none-eabi/lib/thumb/v8-m.main+fp/hard\libcr_c.a(ftell.o)
                0x00002920                ftell
 .text.DbgConsole_Printf
                0x00002964       0x1a ./utilities/fsl_debug_console.o
                0x00002964                DbgConsole_Printf
 .text.BOARD_SystickEnable
                0x0000297e       0x10 ./utilities/systick_utils.o
                0x0000297e                BOARD_SystickEnable
 .text.OR_IRQHandler
                0x0000298e        0x8 ./startup/startup_mcxn947_cm33_core0.o
                0x0000298e                OR_IRQHandler
 .text.EDMA_0_CH0_IRQHandler
                0x00002996        0x8 ./startup/startup_mcxn947_cm33_core0.o
                0x00002996                EDMA_0_CH0_IRQHandler
 .text.EDMA_0_CH1_IRQHandler
                0x0000299e        0x8 ./startup/startup_mcxn947_cm33_core0.o
                0x0000299e                EDMA_0_CH1_IRQHandler
 .text.EDMA_0_CH2_IRQHandler
                0x000029a6        0x8 ./startup/startup_mcxn947_cm33_core0.o
                0x000029a6                EDMA_0_CH2_IRQHandler
 .text.EDMA_0_CH3_IRQHandler
                0x000029ae        0x8 ./startup/startup_mcxn947_cm33_core0.o
                0x000029ae                EDMA_0_CH3_IRQHandler
 .text.EDMA_0_CH4_IRQHandler
                0x000029b6        0x8 ./startup/startup_mcxn947_cm33_core0.o
                0x000029b6                EDMA_0_CH4_IRQHandler
 .text.EDMA_0_CH5_IRQHandler
                0x000029be        0x8 ./startup/startup_mcxn947_cm33_core0.o
                0x000029be                EDMA_0_CH5_IRQHandler
 .text.EDMA_0_CH6_IRQHandler
                0x000029c6        0x8 ./startup/startup_mcxn947_cm33_core0.o
                0x000029c6                EDMA_0_CH6_IRQHandler
 .text.EDMA_0_CH7_IRQHandler
                0x000029ce        0x8 ./startup/startup_mcxn947_cm33_core0.o
                0x000029ce                EDMA_0_CH7_IRQHandler
 .text.EDMA_0_CH8_IRQHandler
                0x000029d6        0x8 ./startup/startup_mcxn947_cm33_core0.o
                0x000029d6                EDMA_0_CH8_IRQHandler
 .text.EDMA_0_CH9_IRQHandler
                0x000029de        0x8 ./startup/startup_mcxn947_cm33_core0.o
                0x000029de                EDMA_0_CH9_IRQHandler
 .text.EDMA_0_CH10_IRQHandler
                0x000029e6        0x8 ./startup/startup_mcxn947_cm33_core0.o
                0x000029e6                EDMA_0_CH10_IRQHandler
 .text.EDMA_0_CH11_IRQHandler
                0x000029ee        0x8 ./startup/startup_mcxn947_cm33_core0.o
                0x000029ee                EDMA_0_CH11_IRQHandler
 .text.EDMA_0_CH12_IRQHandler
                0x000029f6        0x8 ./startup/startup_mcxn947_cm33_core0.o
                0x000029f6                EDMA_0_CH12_IRQHandler
 .text.EDMA_0_CH13_IRQHandler
                0x000029fe        0x8 ./startup/startup_mcxn947_cm33_core0.o
                0x000029fe                EDMA_0_CH13_IRQHandler
 .text.EDMA_0_CH14_IRQHandler
                0x00002a06        0x8 ./startup/startup_mcxn947_cm33_core0.o
                0x00002a06                EDMA_0_CH14_IRQHandler
 .text.EDMA_0_CH15_IRQHandler
                0x00002a0e        0x8 ./startup/startup_mcxn947_cm33_core0.o
                0x00002a0e                EDMA_0_CH15_IRQHandler
 .text.GPIO00_IRQHandler
                0x00002a16        0x8 ./startup/startup_mcxn947_cm33_core0.o
                0x00002a16                GPIO00_IRQHandler
 .text.GPIO01_IRQHandler
                0x00002a1e        0x8 ./startup/startup_mcxn947_cm33_core0.o
                0x00002a1e                GPIO01_IRQHandler
 .text.GPIO10_IRQHandler
                0x00002a26        0x8 ./startup/startup_mcxn947_cm33_core0.o
                0x00002a26                GPIO10_IRQHandler
 .text.GPIO11_IRQHandler
                0x00002a2e        0x8 ./startup/startup_mcxn947_cm33_core0.o
                0x00002a2e                GPIO11_IRQHandler
 .text.GPIO20_IRQHandler
                0x00002a36        0x8 ./startup/startup_mcxn947_cm33_core0.o
                0x00002a36                GPIO20_IRQHandler
 .text.GPIO21_IRQHandler
                0x00002a3e        0x8 ./startup/startup_mcxn947_cm33_core0.o
                0x00002a3e                GPIO21_IRQHandler
 .text.GPIO30_IRQHandler
                0x00002a46        0x8 ./startup/startup_mcxn947_cm33_core0.o
                0x00002a46                GPIO30_IRQHandler
 .text.GPIO31_IRQHandler
                0x00002a4e        0x8 ./startup/startup_mcxn947_cm33_core0.o
                0x00002a4e                GPIO31_IRQHandler
 .text.GPIO40_IRQHandler
                0x00002a56        0x8 ./startup/startup_mcxn947_cm33_core0.o
                0x00002a56                GPIO40_IRQHandler
 .text.GPIO41_IRQHandler
                0x00002a5e        0x8 ./startup/startup_mcxn947_cm33_core0.o
                0x00002a5e                GPIO41_IRQHandler
 .text.GPIO50_IRQHandler
                0x00002a66        0x8 ./startup/startup_mcxn947_cm33_core0.o
                0x00002a66                GPIO50_IRQHandler
 .text.GPIO51_IRQHandler
                0x00002a6e        0x8 ./startup/startup_mcxn947_cm33_core0.o
                0x00002a6e                GPIO51_IRQHandler
 .text.UTICK0_IRQHandler
                0x00002a76        0x8 ./startup/startup_mcxn947_cm33_core0.o
                0x00002a76                UTICK0_IRQHandler
 .text.MRT0_IRQHandler
                0x00002a7e        0x8 ./startup/startup_mcxn947_cm33_core0.o
                0x00002a7e                MRT0_IRQHandler
 .text.CTIMER0_IRQHandler
                0x00002a86        0x8 ./startup/startup_mcxn947_cm33_core0.o
                0x00002a86                CTIMER0_IRQHandler
 .text.CTIMER1_IRQHandler
                0x00002a8e        0x8 ./startup/startup_mcxn947_cm33_core0.o
                0x00002a8e                CTIMER1_IRQHandler
 .text.SCT0_IRQHandler
                0x00002a96        0x8 ./startup/startup_mcxn947_cm33_core0.o
                0x00002a96                SCT0_IRQHandler
 .text.CTIMER2_IRQHandler
                0x00002a9e        0x8 ./startup/startup_mcxn947_cm33_core0.o
                0x00002a9e                CTIMER2_IRQHandler
 .text.LP_FLEXCOMM0_IRQHandler
                0x00002aa6        0x8 ./startup/startup_mcxn947_cm33_core0.o
                0x00002aa6                LP_FLEXCOMM0_IRQHandler
 .text.LP_FLEXCOMM1_IRQHandler
                0x00002aae        0x8 ./startup/startup_mcxn947_cm33_core0.o
                0x00002aae                LP_FLEXCOMM1_IRQHandler
 .text.LP_FLEXCOMM2_IRQHandler
                0x00002ab6        0x8 ./startup/startup_mcxn947_cm33_core0.o
                0x00002ab6                LP_FLEXCOMM2_IRQHandler
 .text.LP_FLEXCOMM3_IRQHandler
                0x00002abe        0x8 ./startup/startup_mcxn947_cm33_core0.o
                0x00002abe                LP_FLEXCOMM3_IRQHandler
 .text.LP_FLEXCOMM4_IRQHandler
                0x00002ac6        0x8 ./startup/startup_mcxn947_cm33_core0.o
                0x00002ac6                LP_FLEXCOMM4_IRQHandler
 .text.LP_FLEXCOMM5_IRQHandler
                0x00002ace        0x8 ./startup/startup_mcxn947_cm33_core0.o
                0x00002ace                LP_FLEXCOMM5_IRQHandler
 .text.LP_FLEXCOMM6_IRQHandler
                0x00002ad6        0x8 ./startup/startup_mcxn947_cm33_core0.o
                0x00002ad6                LP_FLEXCOMM6_IRQHandler
 .text.LP_FLEXCOMM7_IRQHandler
                0x00002ade        0x8 ./startup/startup_mcxn947_cm33_core0.o
                0x00002ade                LP_FLEXCOMM7_IRQHandler
 .text.LP_FLEXCOMM8_IRQHandler
                0x00002ae6        0x8 ./startup/startup_mcxn947_cm33_core0.o
                0x00002ae6                LP_FLEXCOMM8_IRQHandler
 .text.LP_FLEXCOMM9_IRQHandler
                0x00002aee        0x8 ./startup/startup_mcxn947_cm33_core0.o
                0x00002aee                LP_FLEXCOMM9_IRQHandler
 .text.ADC0_IRQHandler
                0x00002af6        0x8 ./startup/startup_mcxn947_cm33_core0.o
                0x00002af6                ADC0_IRQHandler
 .text.ADC1_IRQHandler
                0x00002afe        0x8 ./startup/startup_mcxn947_cm33_core0.o
                0x00002afe                ADC1_IRQHandler
 .text.PINT0_IRQHandler
                0x00002b06        0x8 ./startup/startup_mcxn947_cm33_core0.o
                0x00002b06                PINT0_IRQHandler
 .text.PDM_EVENT_IRQHandler
                0x00002b0e        0x8 ./startup/startup_mcxn947_cm33_core0.o
                0x00002b0e                PDM_EVENT_IRQHandler
 .text.Reserved65_IRQHandler
                0x00002b16        0x8 ./startup/startup_mcxn947_cm33_core0.o
                0x00002b16                Reserved65_IRQHandler
 .text.USB0_FS_IRQHandler
                0x00002b1e        0x8 ./startup/startup_mcxn947_cm33_core0.o
                0x00002b1e                USB0_FS_IRQHandler
 .text.USB0_DCD_IRQHandler
                0x00002b26        0x8 ./startup/startup_mcxn947_cm33_core0.o
                0x00002b26                USB0_DCD_IRQHandler
 .text.RTC_IRQHandler
                0x00002b2e        0x8 ./startup/startup_mcxn947_cm33_core0.o
                0x00002b2e                RTC_IRQHandler
 .text.SMARTDMA_IRQHandler
                0x00002b36        0x8 ./startup/startup_mcxn947_cm33_core0.o
                0x00002b36                SMARTDMA_IRQHandler
 .text.MAILBOX_IRQHandler
                0x00002b3e        0x8 ./startup/startup_mcxn947_cm33_core0.o
                0x00002b3e                MAILBOX_IRQHandler
 .text.CTIMER3_IRQHandler
                0x00002b46        0x8 ./startup/startup_mcxn947_cm33_core0.o
                0x00002b46                CTIMER3_IRQHandler
 .text.CTIMER4_IRQHandler
                0x00002b4e        0x8 ./startup/startup_mcxn947_cm33_core0.o
                0x00002b4e                CTIMER4_IRQHandler
 .text.OS_EVENT_IRQHandler
                0x00002b56        0x8 ./startup/startup_mcxn947_cm33_core0.o
                0x00002b56                OS_EVENT_IRQHandler
 .text.FLEXSPI0_IRQHandler
                0x00002b5e        0x8 ./startup/startup_mcxn947_cm33_core0.o
                0x00002b5e                FLEXSPI0_IRQHandler
 .text.SAI0_IRQHandler
                0x00002b66        0x8 ./startup/startup_mcxn947_cm33_core0.o
                0x00002b66                SAI0_IRQHandler
 .text.SAI1_IRQHandler
                0x00002b6e        0x8 ./startup/startup_mcxn947_cm33_core0.o
                0x00002b6e                SAI1_IRQHandler
 .text.USDHC0_IRQHandler
                0x00002b76        0x8 ./startup/startup_mcxn947_cm33_core0.o
                0x00002b76                USDHC0_IRQHandler
 .text.CAN0_IRQHandler
                0x00002b7e        0x8 ./startup/startup_mcxn947_cm33_core0.o
                0x00002b7e                CAN0_IRQHandler
 .text.CAN1_IRQHandler
                0x00002b86        0x8 ./startup/startup_mcxn947_cm33_core0.o
                0x00002b86                CAN1_IRQHandler
 .text.Reserved80_IRQHandler
                0x00002b8e        0x8 ./startup/startup_mcxn947_cm33_core0.o
                0x00002b8e                Reserved80_IRQHandler
 .text.Reserved81_IRQHandler
                0x00002b96        0x8 ./startup/startup_mcxn947_cm33_core0.o
                0x00002b96                Reserved81_IRQHandler
 .text.USB1_HS_PHY_IRQHandler
                0x00002b9e        0x8 ./startup/startup_mcxn947_cm33_core0.o
                0x00002b9e                USB1_HS_PHY_IRQHandler
 .text.USB1_HS_IRQHandler
                0x00002ba6        0x8 ./startup/startup_mcxn947_cm33_core0.o
                0x00002ba6                USB1_HS_IRQHandler
 .text.SEC_HYPERVISOR_CALL_IRQHandler
                0x00002bae        0x8 ./startup/startup_mcxn947_cm33_core0.o
                0x00002bae                SEC_HYPERVISOR_CALL_IRQHandler
 .text.Reserved85_IRQHandler
                0x00002bb6        0x8 ./startup/startup_mcxn947_cm33_core0.o
                0x00002bb6                Reserved85_IRQHandler
 .text.PLU_IRQHandler
                0x00002bbe        0x8 ./startup/startup_mcxn947_cm33_core0.o
                0x00002bbe                PLU_IRQHandler
 .text.Freqme_IRQHandler
                0x00002bc6        0x8 ./startup/startup_mcxn947_cm33_core0.o
                0x00002bc6                Freqme_IRQHandler
 .text.SEC_VIO_IRQHandler
                0x00002bce        0x8 ./startup/startup_mcxn947_cm33_core0.o
                0x00002bce                SEC_VIO_IRQHandler
 .text.ELS_IRQHandler
                0x00002bd6        0x8 ./startup/startup_mcxn947_cm33_core0.o
                0x00002bd6                ELS_IRQHandler
 .text.PKC_IRQHandler
                0x00002bde        0x8 ./startup/startup_mcxn947_cm33_core0.o
                0x00002bde                PKC_IRQHandler
 .text.PUF_IRQHandler
                0x00002be6        0x8 ./startup/startup_mcxn947_cm33_core0.o
                0x00002be6                PUF_IRQHandler
 .text.PQ_IRQHandler
                0x00002bee        0x8 ./startup/startup_mcxn947_cm33_core0.o
                0x00002bee                PQ_IRQHandler
 .text.EDMA_1_CH0_IRQHandler
                0x00002bf6        0x8 ./startup/startup_mcxn947_cm33_core0.o
                0x00002bf6                EDMA_1_CH0_IRQHandler
 .text.EDMA_1_CH1_IRQHandler
                0x00002bfe        0x8 ./startup/startup_mcxn947_cm33_core0.o
                0x00002bfe                EDMA_1_CH1_IRQHandler
 .text.EDMA_1_CH2_IRQHandler
                0x00002c06        0x8 ./startup/startup_mcxn947_cm33_core0.o
                0x00002c06                EDMA_1_CH2_IRQHandler
 .text.EDMA_1_CH3_IRQHandler
                0x00002c0e        0x8 ./startup/startup_mcxn947_cm33_core0.o
                0x00002c0e                EDMA_1_CH3_IRQHandler
 .text.EDMA_1_CH4_IRQHandler
                0x00002c16        0x8 ./startup/startup_mcxn947_cm33_core0.o
                0x00002c16                EDMA_1_CH4_IRQHandler
 .text.EDMA_1_CH5_IRQHandler
                0x00002c1e        0x8 ./startup/startup_mcxn947_cm33_core0.o
                0x00002c1e                EDMA_1_CH5_IRQHandler
 .text.EDMA_1_CH6_IRQHandler
                0x00002c26        0x8 ./startup/startup_mcxn947_cm33_core0.o
                0x00002c26                EDMA_1_CH6_IRQHandler
 .text.EDMA_1_CH7_IRQHandler
                0x00002c2e        0x8 ./startup/startup_mcxn947_cm33_core0.o
                0x00002c2e                EDMA_1_CH7_IRQHandler
 .text.EDMA_1_CH8_IRQHandler
                0x00002c36        0x8 ./startup/startup_mcxn947_cm33_core0.o
                0x00002c36                EDMA_1_CH8_IRQHandler
 .text.EDMA_1_CH9_IRQHandler
                0x00002c3e        0x8 ./startup/startup_mcxn947_cm33_core0.o
                0x00002c3e                EDMA_1_CH9_IRQHandler
 .text.EDMA_1_CH10_IRQHandler
                0x00002c46        0x8 ./startup/startup_mcxn947_cm33_core0.o
                0x00002c46                EDMA_1_CH10_IRQHandler
 .text.EDMA_1_CH11_IRQHandler
                0x00002c4e        0x8 ./startup/startup_mcxn947_cm33_core0.o
                0x00002c4e                EDMA_1_CH11_IRQHandler
 .text.EDMA_1_CH12_IRQHandler
                0x00002c56        0x8 ./startup/startup_mcxn947_cm33_core0.o
                0x00002c56                EDMA_1_CH12_IRQHandler
 .text.EDMA_1_CH13_IRQHandler
                0x00002c5e        0x8 ./startup/startup_mcxn947_cm33_core0.o
                0x00002c5e                EDMA_1_CH13_IRQHandler
 .text.EDMA_1_CH14_IRQHandler
                0x00002c66        0x8 ./startup/startup_mcxn947_cm33_core0.o
                0x00002c66                EDMA_1_CH14_IRQHandler
 .text.EDMA_1_CH15_IRQHandler
                0x00002c6e        0x8 ./startup/startup_mcxn947_cm33_core0.o
                0x00002c6e                EDMA_1_CH15_IRQHandler
 .text.CDOG0_IRQHandler
                0x00002c76        0x8 ./startup/startup_mcxn947_cm33_core0.o
                0x00002c76                CDOG0_IRQHandler
 .text.CDOG1_IRQHandler
                0x00002c7e        0x8 ./startup/startup_mcxn947_cm33_core0.o
                0x00002c7e                CDOG1_IRQHandler
 .text.I3C0_IRQHandler
                0x00002c86        0x8 ./startup/startup_mcxn947_cm33_core0.o
                0x00002c86                I3C0_IRQHandler
 .text.I3C1_IRQHandler
                0x00002c8e        0x8 ./startup/startup_mcxn947_cm33_core0.o
                0x00002c8e                I3C1_IRQHandler
 .text.NPU_IRQHandler
                0x00002c96        0x8 ./startup/startup_mcxn947_cm33_core0.o
                0x00002c96                NPU_IRQHandler
 .text.GDET_IRQHandler
                0x00002c9e        0x8 ./startup/startup_mcxn947_cm33_core0.o
                0x00002c9e                GDET_IRQHandler
 .text.VBAT0_IRQHandler
                0x00002ca6        0x8 ./startup/startup_mcxn947_cm33_core0.o
                0x00002ca6                VBAT0_IRQHandler
 .text.EWM0_IRQHandler
                0x00002cae        0x8 ./startup/startup_mcxn947_cm33_core0.o
                0x00002cae                EWM0_IRQHandler
 .text.TSI_END_OF_SCAN_IRQHandler
                0x00002cb6        0x8 ./startup/startup_mcxn947_cm33_core0.o
                0x00002cb6                TSI_END_OF_SCAN_IRQHandler
 .text.TSI_OUT_OF_SCAN_IRQHandler
                0x00002cbe        0x8 ./startup/startup_mcxn947_cm33_core0.o
                0x00002cbe                TSI_OUT_OF_SCAN_IRQHandler
 .text.EMVSIM0_IRQHandler
                0x00002cc6        0x8 ./startup/startup_mcxn947_cm33_core0.o
                0x00002cc6                EMVSIM0_IRQHandler
 .text.EMVSIM1_IRQHandler
                0x00002cce        0x8 ./startup/startup_mcxn947_cm33_core0.o
                0x00002cce                EMVSIM1_IRQHandler
 .text.FLEXIO_IRQHandler
                0x00002cd6        0x8 ./startup/startup_mcxn947_cm33_core0.o
                0x00002cd6                FLEXIO_IRQHandler
 .text.DAC0_IRQHandler
                0x00002cde        0x8 ./startup/startup_mcxn947_cm33_core0.o
                0x00002cde                DAC0_IRQHandler
 .text.DAC1_IRQHandler
                0x00002ce6        0x8 ./startup/startup_mcxn947_cm33_core0.o
                0x00002ce6                DAC1_IRQHandler
 .text.DAC2_IRQHandler
                0x00002cee        0x8 ./startup/startup_mcxn947_cm33_core0.o
                0x00002cee                DAC2_IRQHandler
 .text.HSCMP0_IRQHandler
                0x00002cf6        0x8 ./startup/startup_mcxn947_cm33_core0.o
                0x00002cf6                HSCMP0_IRQHandler
 .text.HSCMP1_IRQHandler
                0x00002cfe        0x8 ./startup/startup_mcxn947_cm33_core0.o
                0x00002cfe                HSCMP1_IRQHandler
 .text.HSCMP2_IRQHandler
                0x00002d06        0x8 ./startup/startup_mcxn947_cm33_core0.o
                0x00002d06                HSCMP2_IRQHandler
 .text.FLEXPWM0_RELOAD_ERROR_IRQHandler
                0x00002d0e        0x8 ./startup/startup_mcxn947_cm33_core0.o
                0x00002d0e                FLEXPWM0_RELOAD_ERROR_IRQHandler
 .text.FLEXPWM0_FAULT_IRQHandler
                0x00002d16        0x8 ./startup/startup_mcxn947_cm33_core0.o
                0x00002d16                FLEXPWM0_FAULT_IRQHandler
 .text.FLEXPWM0_SUBMODULE0_IRQHandler
                0x00002d1e        0x8 ./startup/startup_mcxn947_cm33_core0.o
                0x00002d1e                FLEXPWM0_SUBMODULE0_IRQHandler
 .text.FLEXPWM0_SUBMODULE1_IRQHandler
                0x00002d26        0x8 ./startup/startup_mcxn947_cm33_core0.o
                0x00002d26                FLEXPWM0_SUBMODULE1_IRQHandler
 .text.FLEXPWM0_SUBMODULE2_IRQHandler
                0x00002d2e        0x8 ./startup/startup_mcxn947_cm33_core0.o
                0x00002d2e                FLEXPWM0_SUBMODULE2_IRQHandler
 .text.FLEXPWM0_SUBMODULE3_IRQHandler
                0x00002d36        0x8 ./startup/startup_mcxn947_cm33_core0.o
                0x00002d36                FLEXPWM0_SUBMODULE3_IRQHandler
 .text.FLEXPWM1_RELOAD_ERROR_IRQHandler
                0x00002d3e        0x8 ./startup/startup_mcxn947_cm33_core0.o
                0x00002d3e                FLEXPWM1_RELOAD_ERROR_IRQHandler
 .text.FLEXPWM1_FAULT_IRQHandler
                0x00002d46        0x8 ./startup/startup_mcxn947_cm33_core0.o
                0x00002d46                FLEXPWM1_FAULT_IRQHandler
 .text.FLEXPWM1_SUBMODULE0_IRQHandler
                0x00002d4e        0x8 ./startup/startup_mcxn947_cm33_core0.o
                0x00002d4e                FLEXPWM1_SUBMODULE0_IRQHandler
 .text.FLEXPWM1_SUBMODULE1_IRQHandler
                0x00002d56        0x8 ./startup/startup_mcxn947_cm33_core0.o
                0x00002d56                FLEXPWM1_SUBMODULE1_IRQHandler
 .text.FLEXPWM1_SUBMODULE2_IRQHandler
                0x00002d5e        0x8 ./startup/startup_mcxn947_cm33_core0.o
                0x00002d5e                FLEXPWM1_SUBMODULE2_IRQHandler
 .text.FLEXPWM1_SUBMODULE3_IRQHandler
                0x00002d66        0x8 ./startup/startup_mcxn947_cm33_core0.o
                0x00002d66                FLEXPWM1_SUBMODULE3_IRQHandler
 .text.ENC0_COMPARE_IRQHandler
                0x00002d6e        0x8 ./startup/startup_mcxn947_cm33_core0.o
                0x00002d6e                ENC0_COMPARE_IRQHandler
 .text.ENC0_HOME_IRQHandler
                0x00002d76        0x8 ./startup/startup_mcxn947_cm33_core0.o
                0x00002d76                ENC0_HOME_IRQHandler
 .text.ENC0_WDG_SAB_IRQHandler
                0x00002d7e        0x8 ./startup/startup_mcxn947_cm33_core0.o
                0x00002d7e                ENC0_WDG_SAB_IRQHandler
 .text.ENC0_IDX_IRQHandler
                0x00002d86        0x8 ./startup/startup_mcxn947_cm33_core0.o
                0x00002d86                ENC0_IDX_IRQHandler
 .text.ENC1_COMPARE_IRQHandler
                0x00002d8e        0x8 ./startup/startup_mcxn947_cm33_core0.o
                0x00002d8e                ENC1_COMPARE_IRQHandler
 .text.ENC1_HOME_IRQHandler
                0x00002d96        0x8 ./startup/startup_mcxn947_cm33_core0.o
                0x00002d96                ENC1_HOME_IRQHandler
 .text.ENC1_WDG_SAB_IRQHandler
                0x00002d9e        0x8 ./startup/startup_mcxn947_cm33_core0.o
                0x00002d9e                ENC1_WDG_SAB_IRQHandler
 .text.ENC1_IDX_IRQHandler
                0x00002da6        0x8 ./startup/startup_mcxn947_cm33_core0.o
                0x00002da6                ENC1_IDX_IRQHandler
 .text.ITRC0_IRQHandler
                0x00002dae        0x8 ./startup/startup_mcxn947_cm33_core0.o
                0x00002dae                ITRC0_IRQHandler
 .text.BSP32_IRQHandler
                0x00002db6        0x8 ./startup/startup_mcxn947_cm33_core0.o
                0x00002db6                BSP32_IRQHandler
 .text.ELS_ERR_IRQHandler
                0x00002dbe        0x8 ./startup/startup_mcxn947_cm33_core0.o
                0x00002dbe                ELS_ERR_IRQHandler
 .text.PKC_ERR_IRQHandler
                0x00002dc6        0x8 ./startup/startup_mcxn947_cm33_core0.o
                0x00002dc6                PKC_ERR_IRQHandler
 .text.ERM_SINGLE_BIT_ERROR_IRQHandler
                0x00002dce        0x8 ./startup/startup_mcxn947_cm33_core0.o
                0x00002dce                ERM_SINGLE_BIT_ERROR_IRQHandler
 .text.ERM_MULTI_BIT_ERROR_IRQHandler
                0x00002dd6        0x8 ./startup/startup_mcxn947_cm33_core0.o
                0x00002dd6                ERM_MULTI_BIT_ERROR_IRQHandler
 .text.FMU0_IRQHandler
                0x00002dde        0x8 ./startup/startup_mcxn947_cm33_core0.o
                0x00002dde                FMU0_IRQHandler
 .text.ETHERNET_IRQHandler
                0x00002de6        0x8 ./startup/startup_mcxn947_cm33_core0.o
                0x00002de6                ETHERNET_IRQHandler
 .text.ETHERNET_PMT_IRQHandler
                0x00002dee        0x8 ./startup/startup_mcxn947_cm33_core0.o
                0x00002dee                ETHERNET_PMT_IRQHandler
 .text.ETHERNET_MACLP_IRQHandler
                0x00002df6        0x8 ./startup/startup_mcxn947_cm33_core0.o
                0x00002df6                ETHERNET_MACLP_IRQHandler
 .text.SINC_FILTER_IRQHandler
                0x00002dfe        0x8 ./startup/startup_mcxn947_cm33_core0.o
                0x00002dfe                SINC_FILTER_IRQHandler
 .text.LPTMR0_IRQHandler
                0x00002e06        0x8 ./startup/startup_mcxn947_cm33_core0.o
                0x00002e06                LPTMR0_IRQHandler
 .text.LPTMR1_IRQHandler
                0x00002e0e        0x8 ./startup/startup_mcxn947_cm33_core0.o
                0x00002e0e                LPTMR1_IRQHandler
 .text.SCG_IRQHandler
                0x00002e16        0x8 ./startup/startup_mcxn947_cm33_core0.o
                0x00002e16                SCG_IRQHandler
 .text.SPC_IRQHandler
                0x00002e1e        0x8 ./startup/startup_mcxn947_cm33_core0.o
                0x00002e1e                SPC_IRQHandler
 .text.WUU_IRQHandler
                0x00002e26        0x8 ./startup/startup_mcxn947_cm33_core0.o
                0x00002e26                WUU_IRQHandler
 .text.PORT_EFT_IRQHandler
                0x00002e2e        0x8 ./startup/startup_mcxn947_cm33_core0.o
                0x00002e2e                PORT_EFT_IRQHandler
 .text.ETB0_IRQHandler
                0x00002e36        0x8 ./startup/startup_mcxn947_cm33_core0.o
                0x00002e36                ETB0_IRQHandler
 .text.SM3_IRQHandler
                0x00002e3e        0x8 ./startup/startup_mcxn947_cm33_core0.o
                0x00002e3e                SM3_IRQHandler
 .text.TRNG0_IRQHandler
                0x00002e46        0x8 ./startup/startup_mcxn947_cm33_core0.o
                0x00002e46                TRNG0_IRQHandler
 .text.WWDT0_IRQHandler
                0x00002e4e        0x8 ./startup/startup_mcxn947_cm33_core0.o
                0x00002e4e                WWDT0_IRQHandler
 .text.WWDT1_IRQHandler
                0x00002e56        0x8 ./startup/startup_mcxn947_cm33_core0.o
                0x00002e56                WWDT1_IRQHandler
 .text.CMC0_IRQHandler
                0x00002e5e        0x8 ./startup/startup_mcxn947_cm33_core0.o
                0x00002e5e                CMC0_IRQHandler
 .text.CTI0_IRQHandler
                0x00002e66        0x8 ./startup/startup_mcxn947_cm33_core0.o
                0x00002e66                CTI0_IRQHandler
 .text.HardFault_Handler
                0x00002e6e       0x34 ./source/semihost_hardfault.o
                0x00002e6e                HardFault_Handler
 .text.NMH1000_I2C_Initialize
                0x00002ea2       0x56 ./sensors/nmh1000_drv.o
                0x00002ea2                NMH1000_I2C_Initialize
 .text.NMH1000_I2C_SetIdleTask
                0x00002ef8        0x6 ./sensors/nmh1000_drv.o
                0x00002ef8                NMH1000_I2C_SetIdleTask
 .text.NMH1000_I2C_Configure
                0x00002efe       0x28 ./sensors/nmh1000_drv.o
                0x00002efe                NMH1000_I2C_Configure
 .text.NMH1000_I2C_ReadData
                0x00002f26       0x2e ./sensors/nmh1000_drv.o
                0x00002f26                NMH1000_I2C_ReadData
 .text.Sensor_I2C_Write
                0x00002f54       0x50 ./interfaces/sensor_io_i2c.o
                0x00002f54                Sensor_I2C_Write
 .text.Sensor_I2C_Read
                0x00002fa4       0x46 ./interfaces/sensor_io_i2c.o
                0x00002fa4                Sensor_I2C_Read
 .text.ksdk_gpio_set_pin
                0x00002fea        0x8 ./gpio_driver/gpio_driver.o
                0x00002fea                ksdk_gpio_set_pin
 .text.ksdk_gpio_clr_pin
                0x00002ff2        0x8 ./gpio_driver/gpio_driver.o
                0x00002ff2                ksdk_gpio_clr_pin
 .text.ksdk_gpio_toggle_pin
                0x00002ffa        0x8 ./gpio_driver/gpio_driver.o
                0x00002ffa                ksdk_gpio_toggle_pin
 .text.ksdk_gpio_write_pin
                0x00003002       0x12 ./gpio_driver/gpio_driver.o
                0x00003002                ksdk_gpio_write_pin
 .text.ksdk_gpio_read_pin
                0x00003014       0x10 ./gpio_driver/gpio_driver.o
                0x00003014                ksdk_gpio_read_pin
 .text.CLOCK_SetClkDiv
                0x00003024       0x22 ./drivers/fsl_clock.o
                0x00003024                CLOCK_SetClkDiv
 .text.CLOCK_GetPllClkDivFreq
                0x00003046       0x3c ./drivers/fsl_clock.o
                0x00003046                CLOCK_GetPllClkDivFreq
 .text.EDMA_HandleIRQ
                0x00003082       0xde ./drivers/fsl_edma.o
                0x00003082                EDMA_HandleIRQ
 .text.EDMA_0_CH0_DriverIRQHandler
                0x00003160        0x8 ./drivers/fsl_edma_soc.o
                0x00003160                EDMA_0_CH0_DriverIRQHandler
 .text.EDMA_0_CH1_DriverIRQHandler
                0x00003168        0x8 ./drivers/fsl_edma_soc.o
                0x00003168                EDMA_0_CH1_DriverIRQHandler
 .text.EDMA_0_CH2_DriverIRQHandler
                0x00003170        0x8 ./drivers/fsl_edma_soc.o
                0x00003170                EDMA_0_CH2_DriverIRQHandler
 .text.EDMA_0_CH3_DriverIRQHandler
                0x00003178        0x8 ./drivers/fsl_edma_soc.o
                0x00003178                EDMA_0_CH3_DriverIRQHandler
 .text.EDMA_0_CH4_DriverIRQHandler
                0x00003180        0x8 ./drivers/fsl_edma_soc.o
                0x00003180                EDMA_0_CH4_DriverIRQHandler
 .text.EDMA_0_CH5_DriverIRQHandler
                0x00003188        0x8 ./drivers/fsl_edma_soc.o
                0x00003188                EDMA_0_CH5_DriverIRQHandler
 .text.EDMA_0_CH6_DriverIRQHandler
                0x00003190        0x8 ./drivers/fsl_edma_soc.o
                0x00003190                EDMA_0_CH6_DriverIRQHandler
 .text.EDMA_0_CH7_DriverIRQHandler
                0x00003198        0x8 ./drivers/fsl_edma_soc.o
                0x00003198                EDMA_0_CH7_DriverIRQHandler
 .text.EDMA_0_CH8_DriverIRQHandler
                0x000031a0        0x8 ./drivers/fsl_edma_soc.o
                0x000031a0                EDMA_0_CH8_DriverIRQHandler
 .text.EDMA_0_CH9_DriverIRQHandler
                0x000031a8        0x8 ./drivers/fsl_edma_soc.o
                0x000031a8                EDMA_0_CH9_DriverIRQHandler
 .text.EDMA_0_CH10_DriverIRQHandler
                0x000031b0        0x8 ./drivers/fsl_edma_soc.o
                0x000031b0                EDMA_0_CH10_DriverIRQHandler
 .text.EDMA_0_CH11_DriverIRQHandler
                0x000031b8        0x8 ./drivers/fsl_edma_soc.o
                0x000031b8                EDMA_0_CH11_DriverIRQHandler
 .text.EDMA_0_CH12_DriverIRQHandler
                0x000031c0        0x8 ./drivers/fsl_edma_soc.o
                0x000031c0                EDMA_0_CH12_DriverIRQHandler
 .text.EDMA_0_CH13_DriverIRQHandler
                0x000031c8        0x8 ./drivers/fsl_edma_soc.o
                0x000031c8                EDMA_0_CH13_DriverIRQHandler
 .text.EDMA_0_CH14_DriverIRQHandler
                0x000031d0        0x8 ./drivers/fsl_edma_soc.o
                0x000031d0                EDMA_0_CH14_DriverIRQHandler
 .text.EDMA_0_CH15_DriverIRQHandler
                0x000031d8        0x8 ./drivers/fsl_edma_soc.o
                0x000031d8                EDMA_0_CH15_DriverIRQHandler
 .text.EDMA_1_CH0_DriverIRQHandler
                0x000031e0        0x8 ./drivers/fsl_edma_soc.o
                0x000031e0                EDMA_1_CH0_DriverIRQHandler
 .text.EDMA_1_CH1_DriverIRQHandler
                0x000031e8        0x8 ./drivers/fsl_edma_soc.o
                0x000031e8                EDMA_1_CH1_DriverIRQHandler
 .text.EDMA_1_CH2_DriverIRQHandler
                0x000031f0        0x8 ./drivers/fsl_edma_soc.o
                0x000031f0                EDMA_1_CH2_DriverIRQHandler
 .text.EDMA_1_CH3_DriverIRQHandler
                0x000031f8        0x8 ./drivers/fsl_edma_soc.o
                0x000031f8                EDMA_1_CH3_DriverIRQHandler
 .text.EDMA_1_CH4_DriverIRQHandler
                0x00003200        0x8 ./drivers/fsl_edma_soc.o
                0x00003200                EDMA_1_CH4_DriverIRQHandler
 .text.EDMA_1_CH5_DriverIRQHandler
                0x00003208        0x8 ./drivers/fsl_edma_soc.o
                0x00003208                EDMA_1_CH5_DriverIRQHandler
 .text.EDMA_1_CH6_DriverIRQHandler
                0x00003210        0x8 ./drivers/fsl_edma_soc.o
                0x00003210                EDMA_1_CH6_DriverIRQHandler
 .text.EDMA_1_CH7_DriverIRQHandler
                0x00003218        0x8 ./drivers/fsl_edma_soc.o
                0x00003218                EDMA_1_CH7_DriverIRQHandler
 .text.EDMA_1_CH8_DriverIRQHandler
                0x00003220        0x8 ./drivers/fsl_edma_soc.o
                0x00003220                EDMA_1_CH8_DriverIRQHandler
 .text.EDMA_1_CH9_DriverIRQHandler
                0x00003228        0x8 ./drivers/fsl_edma_soc.o
                0x00003228                EDMA_1_CH9_DriverIRQHandler
 .text.EDMA_1_CH10_DriverIRQHandler
                0x00003230        0x8 ./drivers/fsl_edma_soc.o
                0x00003230                EDMA_1_CH10_DriverIRQHandler
 .text.EDMA_1_CH11_DriverIRQHandler
                0x00003238        0x8 ./drivers/fsl_edma_soc.o
                0x00003238                EDMA_1_CH11_DriverIRQHandler
 .text.EDMA_1_CH12_DriverIRQHandler
                0x00003240        0x8 ./drivers/fsl_edma_soc.o
                0x00003240                EDMA_1_CH12_DriverIRQHandler
 .text.EDMA_1_CH13_DriverIRQHandler
                0x00003248        0x8 ./drivers/fsl_edma_soc.o
                0x00003248                EDMA_1_CH13_DriverIRQHandler
 .text.EDMA_1_CH14_DriverIRQHandler
                0x00003250        0x8 ./drivers/fsl_edma_soc.o
                0x00003250                EDMA_1_CH14_DriverIRQHandler
 .text.EDMA_1_CH15_DriverIRQHandler
                0x00003258        0x8 ./drivers/fsl_edma_soc.o
                0x00003258                EDMA_1_CH15_DriverIRQHandler
 .text.GPIO_PinInit
                0x00003260       0x24 ./drivers/fsl_gpio.o
                0x00003260                GPIO_PinInit
 .text.LP_FLEXCOMM0_DriverIRQHandler
                0x00003284        0x6 ./drivers/fsl_lpflexcomm.o
                0x00003284                LP_FLEXCOMM0_DriverIRQHandler
 .text.LP_FLEXCOMM1_DriverIRQHandler
                0x0000328a        0x6 ./drivers/fsl_lpflexcomm.o
                0x0000328a                LP_FLEXCOMM1_DriverIRQHandler
 .text.LP_FLEXCOMM2_DriverIRQHandler
                0x00003290        0x6 ./drivers/fsl_lpflexcomm.o
                0x00003290                LP_FLEXCOMM2_DriverIRQHandler
 .text.LP_FLEXCOMM3_DriverIRQHandler
                0x00003296        0x6 ./drivers/fsl_lpflexcomm.o
                0x00003296                LP_FLEXCOMM3_DriverIRQHandler
 .text.LP_FLEXCOMM4_DriverIRQHandler
                0x0000329c        0x6 ./drivers/fsl_lpflexcomm.o
                0x0000329c                LP_FLEXCOMM4_DriverIRQHandler
 .text.LP_FLEXCOMM5_DriverIRQHandler
                0x000032a2        0x6 ./drivers/fsl_lpflexcomm.o
                0x000032a2                LP_FLEXCOMM5_DriverIRQHandler
 .text.LP_FLEXCOMM6_DriverIRQHandler
                0x000032a8        0x6 ./drivers/fsl_lpflexcomm.o
                0x000032a8                LP_FLEXCOMM6_DriverIRQHandler
 .text.LP_FLEXCOMM7_DriverIRQHandler
                0x000032ae        0x6 ./drivers/fsl_lpflexcomm.o
                0x000032ae                LP_FLEXCOMM7_DriverIRQHandler
 .text.LP_FLEXCOMM8_DriverIRQHandler
                0x000032b4        0x6 ./drivers/fsl_lpflexcomm.o
                0x000032b4                LP_FLEXCOMM8_DriverIRQHandler
 .text.LP_FLEXCOMM9_DriverIRQHandler
                0x000032ba        0x6 ./drivers/fsl_lpflexcomm.o
                0x000032ba                LP_FLEXCOMM9_DriverIRQHandler
 .text.CLOCK_EnableClock
                0x000032c0       0x40 ./drivers/fsl_lpi2c.o
 .text.CLOCK_DisableClock
                0x00003300       0x54 ./drivers/fsl_lpi2c.o
 .text.LPI2C_SlaveCheckAndClearError
                0x00003354       0x2c ./drivers/fsl_lpi2c.o
 .text.LPI2C_MasterCheckAndClearError
                0x00003380       0x46 ./drivers/fsl_lpi2c.o
                0x00003380                LPI2C_MasterCheckAndClearError
 .text.LPI2C_CheckForBusyBus
                0x000033c6       0x14 ./drivers/fsl_lpi2c.o
                0x000033c6                LPI2C_CheckForBusyBus
 .text.LPI2C_MasterSetBaudRate
                0x000033da      0x150 ./drivers/fsl_lpi2c.o
                0x000033da                LPI2C_MasterSetBaudRate
 .text.LPI2C_MasterTransferNonBlocking
                0x0000352a       0xf0 ./drivers/fsl_lpi2c.o
                0x0000352a                LPI2C_MasterTransferNonBlocking
 .text.LPI2C_MasterTransferGetCount
                0x0000361a       0x3c ./drivers/fsl_lpi2c.o
                0x0000361a                LPI2C_MasterTransferGetCount
 .text.LPI2C_SlaveGetDefaultConfig
                0x00003656       0x28 ./drivers/fsl_lpi2c.o
                0x00003656                LPI2C_SlaveGetDefaultConfig
 .text.LPI2C_SlaveTransferNonBlocking
                0x0000367e       0x64 ./drivers/fsl_lpi2c.o
                0x0000367e                LPI2C_SlaveTransferNonBlocking
 .text.LPI2C_SlaveTransferGetCount
                0x000036e2       0x18 ./drivers/fsl_lpi2c.o
                0x000036e2                LPI2C_SlaveTransferGetCount
 .text.LPI2C_SlaveTransferAbort
                0x000036fa       0x2e ./drivers/fsl_lpi2c.o
                0x000036fa                LPI2C_SlaveTransferAbort
 .text.LPI2Cx_GetCapabilities
                0x00003728        0x4 ./drivers/fsl_lpi2c_cmsis.o
 .text.KSDK_LPI2C_MASTER_InterruptCallback
                0x0000372c       0x18 ./drivers/fsl_lpi2c_cmsis.o
 .text.LPI2C2_InterruptControl
                0x00003744        0x4 ./drivers/fsl_lpi2c_cmsis.o
 .text.LPI2C2_Slave_InterruptReceive
                0x00003748        0x4 ./drivers/fsl_lpi2c_cmsis.o
 .text.LPUART_GetDefaultConfig
                0x0000374c       0x1e ./drivers/fsl_lpuart.o
                0x0000374c                LPUART_GetDefaultConfig
 .text.LPUART_WriteBlocking
                0x0000376a       0x1e ./drivers/fsl_lpuart.o
                0x0000376a                LPUART_WriteBlocking
 .text.LPUART_ReadBlocking
                0x00003788       0xd4 ./drivers/fsl_lpuart.o
                0x00003788                LPUART_ReadBlocking
 .text.RESET_SetPeripheralReset
                0x0000385c       0x24 ./drivers/fsl_reset.o
                0x0000385c                RESET_SetPeripheralReset
 .text.RESET_ClearPeripheralReset
                0x00003880       0x26 ./drivers/fsl_reset.o
                0x00003880                RESET_ClearPeripheralReset
 .text.SPC_SetSRAMOperateVoltage
                0x000038a6       0x24 ./drivers/fsl_spc.o
                0x000038a6                SPC_SetSRAMOperateVoltage
 .text.SPC_SetActiveModeCoreLDORegulatorVoltageLevel
                0x000038ca       0x18 ./drivers/fsl_spc.o
                0x000038ca                SPC_SetActiveModeCoreLDORegulatorVoltageLevel
 .text.SPC_SetActiveModeCoreLDORegulatorDriveStrength
                0x000038e2       0x3c ./drivers/fsl_spc.o
                0x000038e2                SPC_SetActiveModeCoreLDORegulatorDriveStrength
 .text.SPC_SetActiveModeCoreLDORegulatorConfig
                0x0000391e       0x66 ./drivers/fsl_spc.o
                0x0000391e                SPC_SetActiveModeCoreLDORegulatorConfig
 .text.SPC_SetActiveModeDCDCRegulatorDriveStrength
                0x00003984       0x40 ./drivers/fsl_spc.o
                0x00003984                SPC_SetActiveModeDCDCRegulatorDriveStrength
 .text.SPC_SetActiveModeDCDCRegulatorConfig
                0x000039c4       0x36 ./drivers/fsl_spc.o
                0x000039c4                SPC_SetActiveModeDCDCRegulatorConfig
 .text.SystemInitHook
                0x000039fa        0x2 ./device/system_MCXN947_cm33_core0.o
                0x000039fa                SystemInitHook
 .text.BOARD_BootClockRUN
                0x000039fc       0x26 ./board/frdmmcxn947.o
                0x000039fc                BOARD_BootClockRUN
 .text.SMC_SetPowerModeVlpr
                0x00003a22        0x4 ./board/frdmmcxn947.o
                0x00003a22                SMC_SetPowerModeVlpr
 .text.LPI2C2_GetFreq
                0x00003a26       0x1e ./board/frdmmcxn947.o
                0x00003a26                LPI2C2_GetFreq
 .text.LPI2C2_InitPins
                0x00003a44       0x1e ./board/pin_mux.o
                0x00003a44                LPI2C2_InitPins
 .text.LPI2C2_DeinitPins
                0x00003a62       0x1e ./board/pin_mux.o
                0x00003a62                LPI2C2_DeinitPins
 .text.__main   0x00003a80        0xe c:/nxp/mcuxpressoide_11.9.1_2170/ide/plugins/com.nxp.mcuxpresso.tools.win32_11.9.1.202402080819/tools/bin/../lib/gcc/arm-none-eabi/12.3.1/../../../../arm-none-eabi/lib/thumb/v8-m.main+fp/hard\libcr_nohost_nf.a(_cr__main.o)
                0x00003a80                __main
 .text.memset   0x00003a8e        0x4 c:/nxp/mcuxpressoide_11.9.1_2170/ide/plugins/com.nxp.mcuxpresso.tools.win32_11.9.1.202402080819/tools/bin/../lib/gcc/arm-none-eabi/12.3.1/../../../../arm-none-eabi/lib/thumb/v8-m.main+fp/hard\libcr_c.a(memset.o)
                0x00003a8e                memset
 .text.free     0x00003a92       0x30 c:/nxp/mcuxpressoide_11.9.1_2170/ide/plugins/com.nxp.mcuxpresso.tools.win32_11.9.1.202402080819/tools/bin/../lib/gcc/arm-none-eabi/12.3.1/../../../../arm-none-eabi/lib/thumb/v8-m.main+fp/hard\libcr_c.a(alloc.o)
                0x00003a92                free
 .text.setvbuf  0x00003ac2       0x3e c:/nxp/mcuxpressoide_11.9.1_2170/ide/plugins/com.nxp.mcuxpresso.tools.win32_11.9.1.202402080819/tools/bin/../lib/gcc/arm-none-eabi/12.3.1/../../../../arm-none-eabi/lib/thumb/v8-m.main+fp/hard\libcr_c.a(setvbuf.o)
                0x00003ac2                setvbuf
 .text.strlen   0x00003b00       0x4e c:/nxp/mcuxpressoide_11.9.1_2170/ide/plugins/com.nxp.mcuxpresso.tools.win32_11.9.1.202402080819/tools/bin/../lib/gcc/arm-none-eabi/12.3.1/../../../../arm-none-eabi/lib/thumb/v8-m.main+fp/hard\libcr_c.a(strlen.o)
                0x00003b00                strlen
 .text._deferredlazyseek
                0x00003b4e       0x40 c:/nxp/mcuxpressoide_11.9.1_2170/ide/plugins/com.nxp.mcuxpresso.tools.win32_11.9.1.202402080819/tools/bin/../lib/gcc/arm-none-eabi/12.3.1/../../../../arm-none-eabi/lib/thumb/v8-m.main+fp/hard\libcr_c.a(_deferredlazyseek.o)
                0x00003b4e                _deferredlazyseek
 .text._fdopen  0x00003b8e       0x68 c:/nxp/mcuxpressoide_11.9.1_2170/ide/plugins/com.nxp.mcuxpresso.tools.win32_11.9.1.202402080819/tools/bin/../lib/gcc/arm-none-eabi/12.3.1/../../../../arm-none-eabi/lib/thumb/v8-m.main+fp/hard\libcr_c.a(_fdopen.o)
                0x00003b8e                _fdopen
 .text._fflush  0x00003bf6       0x52 c:/nxp/mcuxpressoide_11.9.1_2170/ide/plugins/com.nxp.mcuxpresso.tools.win32_11.9.1.202402080819/tools/bin/../lib/gcc/arm-none-eabi/12.3.1/../../../../arm-none-eabi/lib/thumb/v8-m.main+fp/hard\libcr_c.a(_fflush.o)
                0x00003bf6                _fflush
 .text.fclose   0x00003c48       0x58 c:/nxp/mcuxpressoide_11.9.1_2170/ide/plugins/com.nxp.mcuxpresso.tools.win32_11.9.1.202402080819/tools/bin/../lib/gcc/arm-none-eabi/12.3.1/../../../../arm-none-eabi/lib/thumb/v8-m.main+fp/hard\libcr_c.a(fclose.o)
                0x00003c48                fclose
 .text.remove   0x00003ca0       0x14 c:/nxp/mcuxpressoide_11.9.1_2170/ide/plugins/com.nxp.mcuxpresso.tools.win32_11.9.1.202402080819/tools/bin/../lib/gcc/arm-none-eabi/12.3.1/../../../../arm-none-eabi/lib/thumb/v8-m.main+fp/hard\libcr_c.a(remove.o)
                0x00003ca0                remove
 .text._do_fflush
                0x00003cb4       0x40 c:/nxp/mcuxpressoide_11.9.1_2170/ide/plugins/com.nxp.mcuxpresso.tools.win32_11.9.1.202402080819/tools/bin/../lib/gcc/arm-none-eabi/12.3.1/../../../../arm-none-eabi/lib/thumb/v8-m.main+fp/hard\libcr_c.a(_do_fflush.o)
                0x00003cb4                _do_fflush
 .text.__aeabi_division_ldivmod
                0x00003cf4       0x26 c:/nxp/mcuxpressoide_11.9.1_2170/ide/plugins/com.nxp.mcuxpresso.tools.win32_11.9.1.202402080819/tools/bin/../lib/gcc/arm-none-eabi/12.3.1/thumb/v8-m.main+fp/hard\libcr_eabihelpers.a(division_64.o)
                0x00003cf4                __aeabi_ldivmod
 .text.__aeabi_division_uldivmod
                0x00003d1a      0x174 c:/nxp/mcuxpressoide_11.9.1_2170/ide/plugins/com.nxp.mcuxpresso.tools.win32_11.9.1.202402080819/tools/bin/../lib/gcc/arm-none-eabi/12.3.1/thumb/v8-m.main+fp/hard\libcr_eabihelpers.a(division_64.o)
                0x00003d1a                __aeabi_uldivmod
                0x00003d1e                __bhs_ldivmod1
 .text.__aeabi_division_idiv0
                0x00003e8e        0x2 c:/nxp/mcuxpressoide_11.9.1_2170/ide/plugins/com.nxp.mcuxpresso.tools.win32_11.9.1.202402080819/tools/bin/../lib/gcc/arm-none-eabi/12.3.1/thumb/v8-m.main+fp/hard\libcr_eabihelpers.a(division_idiv0.o)
                0x00003e8e                __aeabi_idiv0
 .text.__aeabi_f2ulz
                0x00003e90       0x3e c:/nxp/mcuxpressoide_11.9.1_2170/ide/plugins/com.nxp.mcuxpresso.tools.win32_11.9.1.202402080819/tools/bin/../lib/gcc/arm-none-eabi/12.3.1/thumb/v8-m.main+fp/hard\libcr_eabihelpers.a(float.o)
                0x00003e90                __aeabi_f2ulz
 .text.__aeabi_memset_lowlevel
                0x00003ece       0x32 c:/nxp/mcuxpressoide_11.9.1_2170/ide/plugins/com.nxp.mcuxpresso.tools.win32_11.9.1.202402080819/tools/bin/../lib/gcc/arm-none-eabi/12.3.1/thumb/v8-m.main+fp/hard\libcr_eabihelpers.a(memcpy.o)
                0x00003ece                __aeabi_lowlevel_memset
 .text.__sys_close
                0x00003f00        0x6 c:/nxp/mcuxpressoide_11.9.1_2170/ide/plugins/com.nxp.mcuxpresso.tools.win32_11.9.1.202402080819/tools/bin/../lib/gcc/arm-none-eabi/12.3.1/../../../../arm-none-eabi/lib/thumb/v8-m.main+fp/hard\libcr_nohost_nf.a(__sys_close.o)
                0x00003f00                __sys_close
 .text.__sys_flen
                0x00003f06        0x6 c:/nxp/mcuxpressoide_11.9.1_2170/ide/plugins/com.nxp.mcuxpresso.tools.win32_11.9.1.202402080819/tools/bin/../lib/gcc/arm-none-eabi/12.3.1/../../../../arm-none-eabi/lib/thumb/v8-m.main+fp/hard\libcr_nohost_nf.a(__sys_flen.o)
                0x00003f06                __sys_flen
 .text.__sys_istty
                0x00003f0c        0x6 c:/nxp/mcuxpressoide_11.9.1_2170/ide/plugins/com.nxp.mcuxpresso.tools.win32_11.9.1.202402080819/tools/bin/../lib/gcc/arm-none-eabi/12.3.1/../../../../arm-none-eabi/lib/thumb/v8-m.main+fp/hard\libcr_nohost_nf.a(__sys_istty.o)
                0x00003f0c                __sys_istty
 .text.__sys_remove
                0x00003f12        0x6 c:/nxp/mcuxpressoide_11.9.1_2170/ide/plugins/com.nxp.mcuxpresso.tools.win32_11.9.1.202402080819/tools/bin/../lib/gcc/arm-none-eabi/12.3.1/../../../../arm-none-eabi/lib/thumb/v8-m.main+fp/hard\libcr_nohost_nf.a(__sys_remove.o)
                0x00003f12                __sys_remove
 .text.__sys_seek
                0x00003f18        0x6 c:/nxp/mcuxpressoide_11.9.1_2170/ide/plugins/com.nxp.mcuxpresso.tools.win32_11.9.1.202402080819/tools/bin/../lib/gcc/arm-none-eabi/12.3.1/../../../../arm-none-eabi/lib/thumb/v8-m.main+fp/hard\libcr_nohost_nf.a(__sys_seek.o)
                0x00003f18                __sys_seek
 .text.__sys_tmpnam
                0x00003f1e        0x6 c:/nxp/mcuxpressoide_11.9.1_2170/ide/plugins/com.nxp.mcuxpresso.tools.win32_11.9.1.202402080819/tools/bin/../lib/gcc/arm-none-eabi/12.3.1/../../../../arm-none-eabi/lib/thumb/v8-m.main+fp/hard\libcr_nohost_nf.a(__sys_tmpnam.o)
                0x00003f1e                __sys_tmpnam
 .text.__sys_write
                0x00003f24        0x4 c:/nxp/mcuxpressoide_11.9.1_2170/ide/plugins/com.nxp.mcuxpresso.tools.win32_11.9.1.202402080819/tools/bin/../lib/gcc/arm-none-eabi/12.3.1/../../../../arm-none-eabi/lib/thumb/v8-m.main+fp/hard\libcr_nohost_nf.a(__sys_write.o)
                0x00003f24                __sys_write
 *(SORT_BY_ALIGNMENT(.rodata) SORT_BY_ALIGNMENT(.rodata.*) SORT_BY_ALIGNMENT(.constdata) SORT_BY_ALIGNMENT(.constdata.*))
 .rodata.Driver_GPIO_KSDK
                0x00003f28       0x1c ./gpio_driver/gpio_driver.o
                0x00003f28                Driver_GPIO_KSDK
 .rodata.s_edmaBases
                0x00003f44        0x8 ./drivers/fsl_edma.o
 .rodata.s_lpflexcommResets
                0x00003f4c       0x28 ./drivers/fsl_lpflexcomm.o
 .rodata.s_lpflexcommBase
                0x00003f74       0x28 ./drivers/fsl_lpflexcomm.o
 .rodata.s_lpflexcommBaseAddrs
                0x00003f9c       0x28 ./drivers/fsl_lpflexcomm.o
 .rodata.kLpi2cBases
                0x00003fc4       0x28 ./drivers/fsl_lpi2c.o
 .rodata.CSWTCH.20
                0x00003fec        0xc ./drivers/fsl_lpi2c_cmsis.o
 .rodata.Driver_I2C2
                0x00003ff8       0x30 ./drivers/fsl_lpi2c_cmsis.o
                0x00003ff8                Driver_I2C2
 .rodata.LPI2C2_Resource
                0x00004028        0x8 ./drivers/fsl_lpi2c_cmsis.o
 .rodata.s_lpuartBases
                0x00004030       0x28 ./drivers/fsl_lpuart.o
 .rodata.s_LpuartAdapterBase
                0x00004058       0x28 ./component/uart/fsl_adapter_lpuart.o
 .rodata.__num_Ciob_streams
                0x00004080        0x4 c:/nxp/mcuxpressoide_11.9.1_2170/ide/plugins/com.nxp.mcuxpresso.tools.win32_11.9.1.202402080819/tools/bin/../lib/gcc/arm-none-eabi/12.3.1/../../../../arm-none-eabi/lib/thumb/v8-m.main+fp/hard\libcr_nohost_nf.a(__ciob.o)
                0x00004080                __num_Ciob_streams
 .rodata.cNmh1000OutputNormal
                0x00004084        0x8 ./source/nmh1000_example.o
                0x00004084                cNmh1000OutputNormal
 .rodata.cNmh1000ConfigNormal
                0x0000408c        0xc ./source/nmh1000_example.o
                0x0000408c                cNmh1000ConfigNormal
 .rodata.DriverVersion
                0x00004098        0x4 ./gpio_driver/gpio_driver.o
 .rodata.s_lpflexcommClocks
                0x0000409c       0x14 ./drivers/fsl_lpflexcomm.o
 .rodata.kLpi2cClocks
                0x000040b0       0x14 ./drivers/fsl_lpi2c.o
 .rodata.kLpi2cIrqs
                0x000040c4       0x14 ./drivers/fsl_lpi2c.o
                0x000040c4                kLpi2cIrqs
 .rodata.s_lpi2cDriverVersion
                0x000040d8        0x4 ./drivers/fsl_lpi2c_cmsis.o
 .rodata.main.str1.1
                0x000040dc      0x1ee ./source/nmh1000_example.o
 .rodata        0x000042ca        0x4 ./board/board.o
 .rodata        0x000042ce       0x12 ./board/clock_config.o
 .rodata._initio.str1.1
                0x000042e0        0x4 c:/nxp/mcuxpressoide_11.9.1_2170/ide/plugins/com.nxp.mcuxpresso.tools.win32_11.9.1.202402080819/tools/bin/../lib/gcc/arm-none-eabi/12.3.1/../../../../arm-none-eabi/lib/thumb/v8-m.main+fp/hard\libcr_c.a(initio.o)
                0x000042e4                        . = ALIGN (0x4)

.glue_7         0x000042e4        0x0
 .glue_7        0x000042e4        0x0 linker stubs

.glue_7t        0x000042e4        0x0
 .glue_7t       0x000042e4        0x0 linker stubs

.vfp11_veneer   0x000042e4        0x0
 .vfp11_veneer  0x000042e4        0x0 linker stubs

.v4_bx          0x000042e4        0x0
 .v4_bx         0x000042e4        0x0 linker stubs

.iplt           0x000042e4        0x0
 .iplt          0x000042e4        0x0 ./utilities/fsl_debug_console.o

.rel.dyn        0x000042e4        0x0
 .rel.iplt      0x000042e4        0x0 ./utilities/fsl_debug_console.o

.ARM.extab
 *(SORT_BY_ALIGNMENT(.ARM.extab*) SORT_BY_ALIGNMENT(.gnu.linkonce.armextab.*))

.ARM.exidx      0x000042e4        0x0
                0x000042e4                        __exidx_start = .
 *(SORT_BY_ALIGNMENT(.ARM.exidx*) SORT_BY_ALIGNMENT(.gnu.linkonce.armexidx.*))
                0x000042e4                        __exidx_end = .
                0x000042e4                        _etext = .

.m_usb_data
 *(SORT_BY_ALIGNMENT(m_usb_bdt))
 *(SORT_BY_ALIGNMENT(m_usb_global))

.data_RAM2      0x04000000        0x0 load address 0x000042e4
 FILL mask 0xff
                [!provide]                        PROVIDE (__start_data_RAM2 = .)
                [!provide]                        PROVIDE (__start_data_SRAMX = .)
 *(SORT_BY_ALIGNMENT(.ramfunc.$RAM2))
 *(SORT_BY_ALIGNMENT(.ramfunc.$SRAMX))
 *(SORT_BY_ALIGNMENT(.data.$RAM2))
 *(SORT_BY_ALIGNMENT(.data.$SRAMX))
 *(SORT_BY_ALIGNMENT(.data.$RAM2.*))
 *(SORT_BY_ALIGNMENT(.data.$SRAMX.*))
                0x04000000                        . = ALIGN (0x4)
                [!provide]                        PROVIDE (__end_data_RAM2 = .)
                [!provide]                        PROVIDE (__end_data_SRAMX = .)

.data_RAM3      0x20060000        0x0 load address 0x000042e4
 FILL mask 0xff
                [!provide]                        PROVIDE (__start_data_RAM3 = .)
                [!provide]                        PROVIDE (__start_data_SRAMH = .)
 *(SORT_BY_ALIGNMENT(.ramfunc.$RAM3))
 *(SORT_BY_ALIGNMENT(.ramfunc.$SRAMH))
 *(SORT_BY_ALIGNMENT(.data.$RAM3))
 *(SORT_BY_ALIGNMENT(.data.$SRAMH))
 *(SORT_BY_ALIGNMENT(.data.$RAM3.*))
 *(SORT_BY_ALIGNMENT(.data.$SRAMH.*))
                0x20060000                        . = ALIGN (0x4)
                [!provide]                        PROVIDE (__end_data_RAM3 = .)
                [!provide]                        PROVIDE (__end_data_SRAMH = .)

.data_RAM4      0x400ba000        0x0 load address 0x000042e4
 FILL mask 0xff
                [!provide]                        PROVIDE (__start_data_RAM4 = .)
                [!provide]                        PROVIDE (__start_data_USB_RAM = .)
 *(SORT_BY_ALIGNMENT(.ramfunc.$RAM4))
 *(SORT_BY_ALIGNMENT(.ramfunc.$USB_RAM))
 *(SORT_BY_ALIGNMENT(.data.$RAM4))
 *(SORT_BY_ALIGNMENT(.data.$USB_RAM))
 *(SORT_BY_ALIGNMENT(.data.$RAM4.*))
 *(SORT_BY_ALIGNMENT(.data.$USB_RAM.*))
                0x400ba000                        . = ALIGN (0x4)
                [!provide]                        PROVIDE (__end_data_RAM4 = .)
                [!provide]                        PROVIDE (__end_data_USB_RAM = .)

.uninit_RESERVED
                0x20000000        0x0
                0x20000000                        _start_uninit_RESERVED = .
 *(SORT_BY_ALIGNMENT(.bss.$RESERVED*))
                0x20000000                        . = ALIGN (0x4)
                0x20000000                        _end_uninit_RESERVED = .

.data           0x20000000       0x6c load address 0x000042e4
 FILL mask 0xff
                0x20000000                        _data = .
                [!provide]                        PROVIDE (__start_data_RAM = .)
                [!provide]                        PROVIDE (__start_data_SRAM = .)
 *(SORT_BY_ALIGNMENT(vtable))
 *(SORT_BY_ALIGNMENT(.ramfunc*))
 *(SORT_BY_ALIGNMENT(CodeQuickAccess))
 *(SORT_BY_ALIGNMENT(DataQuickAccess))
 *(SORT_BY_ALIGNMENT(RamFunction))
 *(SORT_BY_ALIGNMENT(.data*))
 .data.g_I2C_ErrorEvent
                0x20000000       0x28 ./interfaces/register_io_i2c.o
                0x20000000                g_I2C_ErrorEvent
 .data.s_Xtal32_Freq
                0x20000028        0x4 ./drivers/fsl_clock.o
 .data.s_Ext_Clk_Freq
                0x2000002c        0x4 ./drivers/fsl_clock.o
 .data.LPI2C2_InterruptDriverState
                0x20000030       0x18 ./drivers/fsl_lpi2c_cmsis.o
 .data.SystemCoreClock
                0x20000048        0x4 ./device/system_MCXN947_cm33_core0.o
                0x20000048                SystemCoreClock
 .data.GREEN_LED
                0x2000004c       0x18 ./board/frdmmcxn947.o
                0x2000004c                GREEN_LED
 .data.gpioConfigDefault
                0x20000064        0x6 ./gpio_driver/gpio_driver.o
                0x2000006c                        . = ALIGN (0x4)
 *fill*         0x2000006a        0x2 ff
                0x2000006c                        _edata = .
                [!provide]                        PROVIDE (__end_data_RAM = .)
                [!provide]                        PROVIDE (__end_data_SRAM = .)

.igot.plt       0x2000006c        0x0 load address 0x00004350
 .igot.plt      0x2000006c        0x0 ./utilities/fsl_debug_console.o

.bss_RAM2       0x04000000        0x0
                [!provide]                        PROVIDE (__start_bss_RAM2 = .)
                [!provide]                        PROVIDE (__start_bss_SRAMX = .)
 *(SORT_BY_ALIGNMENT(.bss.$RAM2))
 *(SORT_BY_ALIGNMENT(.bss.$SRAMX))
 *(SORT_BY_ALIGNMENT(.bss.$RAM2.*))
 *(SORT_BY_ALIGNMENT(.bss.$SRAMX.*))
                0x04000000                        . = ALIGN ((. != 0x0)?0x4:0x1)
                [!provide]                        PROVIDE (__end_bss_RAM2 = .)
                [!provide]                        PROVIDE (__end_bss_SRAMX = .)

.bss_RAM3       0x20060000        0x0
                [!provide]                        PROVIDE (__start_bss_RAM3 = .)
                [!provide]                        PROVIDE (__start_bss_SRAMH = .)
 *(SORT_BY_ALIGNMENT(.bss.$RAM3))
 *(SORT_BY_ALIGNMENT(.bss.$SRAMH))
 *(SORT_BY_ALIGNMENT(.bss.$RAM3.*))
 *(SORT_BY_ALIGNMENT(.bss.$SRAMH.*))
                0x20060000                        . = ALIGN ((. != 0x0)?0x4:0x1)
                [!provide]                        PROVIDE (__end_bss_RAM3 = .)
                [!provide]                        PROVIDE (__end_bss_SRAMH = .)

.bss_RAM4       0x400ba000        0x0
                [!provide]                        PROVIDE (__start_bss_RAM4 = .)
                [!provide]                        PROVIDE (__start_bss_USB_RAM = .)
 *(SORT_BY_ALIGNMENT(.bss.$RAM4))
 *(SORT_BY_ALIGNMENT(.bss.$USB_RAM))
 *(SORT_BY_ALIGNMENT(.bss.$RAM4.*))
 *(SORT_BY_ALIGNMENT(.bss.$USB_RAM.*))
                0x400ba000                        . = ALIGN ((. != 0x0)?0x4:0x1)
                [!provide]                        PROVIDE (__end_bss_RAM4 = .)
                [!provide]                        PROVIDE (__end_bss_USB_RAM = .)

.bss            0x2000006c      0x828
                0x2000006c                        _bss = .
                [!provide]                        PROVIDE (__start_bss_RAM = .)
                [!provide]                        PROVIDE (__start_bss_SRAM = .)
 *(SORT_BY_ALIGNMENT(.bss*))
 .bss.s_debugConsole
                0x2000006c       0x14 ./utilities/fsl_debug_console.o
 .bss.g_ovf_counter
                0x20000080        0x4 ./utilities/systick_utils.o
                0x20000080                g_ovf_counter
 .bss.isrObj    0x20000084      0x500 ./gpio_driver/gpio_driver.o
 .bss.s_EDMAHandle
                0x20000584       0x80 ./drivers/fsl_edma.o
 .bss.s_lpflexcommHandle
                0x20000604       0xa0 ./drivers/fsl_lpflexcomm.o
 .bss.s_lpflexcommIrqHandler
                0x200006a4       0xa0 ./drivers/fsl_lpflexcomm.o
 .bss.s_lpi2cSlaveHandle
                0x20000744       0x28 ./drivers/fsl_lpi2c.o
 .bss.s_lpi2cMasterHandle
                0x2000076c       0x28 ./drivers/fsl_lpi2c.o
                0x2000076c                s_lpi2cMasterHandle
 .bss.s_lpi2cSlaveIsr
                0x20000794        0x4 ./drivers/fsl_lpi2c.o
 .bss.s_lpi2cMasterIsr
                0x20000798        0x4 ./drivers/fsl_lpi2c.o
                0x20000798                s_lpi2cMasterIsr
 .bss.LPI2C2_Handle
                0x2000079c       0x34 ./drivers/fsl_lpi2c_cmsis.o
 .bss.errno     0x200007d0        0x4 c:/nxp/mcuxpressoide_11.9.1_2170/ide/plugins/com.nxp.mcuxpresso.tools.win32_11.9.1.202402080819/tools/bin/../lib/gcc/arm-none-eabi/12.3.1/../../../../arm-none-eabi/lib/thumb/v8-m.main+fp/hard\libcr_c.a(errno.o)
                0x200007d0                errno
 .bss.__Ciob    0x200007d4       0xb4 c:/nxp/mcuxpressoide_11.9.1_2170/ide/plugins/com.nxp.mcuxpresso.tools.win32_11.9.1.202402080819/tools/bin/../lib/gcc/arm-none-eabi/12.3.1/../../../../arm-none-eabi/lib/thumb/v8-m.main+fp/hard\libcr_nohost_nf.a(__ciob.o)
                0x200007d4                __Ciob
 .bss.b_I2C_CompletionFlag
                0x20000888        0xa ./interfaces/register_io_i2c.o
                0x20000888                b_I2C_CompletionFlag
 *(SORT_BY_ALIGNMENT(COMMON))
                0x20000894                        . = ALIGN (0x4)
 *fill*         0x20000892        0x2 
                0x20000894                        _ebss = .
                [!provide]                        PROVIDE (__end_bss_RAM = .)
                [!provide]                        PROVIDE (__end_bss_SRAM = .)
                [!provide]                        PROVIDE (end = .)

.noinit_RAM2    0x04000000        0x0
                [!provide]                        PROVIDE (__start_noinit_RAM2 = .)
                [!provide]                        PROVIDE (__start_noinit_SRAMX = .)
 *(SORT_BY_ALIGNMENT(.noinit.$RAM2))
 *(SORT_BY_ALIGNMENT(.noinit.$SRAMX))
 *(SORT_BY_ALIGNMENT(.noinit.$RAM2.*))
 *(SORT_BY_ALIGNMENT(.noinit.$SRAMX.*))
                0x04000000                        . = ALIGN (0x4)
                [!provide]                        PROVIDE (__end_noinit_RAM2 = .)
                [!provide]                        PROVIDE (__end_noinit_SRAMX = .)

.noinit_RAM3    0x20060000        0x0
                [!provide]                        PROVIDE (__start_noinit_RAM3 = .)
                [!provide]                        PROVIDE (__start_noinit_SRAMH = .)
 *(SORT_BY_ALIGNMENT(.noinit.$RAM3))
 *(SORT_BY_ALIGNMENT(.noinit.$SRAMH))
 *(SORT_BY_ALIGNMENT(.noinit.$RAM3.*))
 *(SORT_BY_ALIGNMENT(.noinit.$SRAMH.*))
                0x20060000                        . = ALIGN (0x4)
                [!provide]                        PROVIDE (__end_noinit_RAM3 = .)
                [!provide]                        PROVIDE (__end_noinit_SRAMH = .)

.noinit_RAM4    0x400ba000        0x0
                [!provide]                        PROVIDE (__start_noinit_RAM4 = .)
                [!provide]                        PROVIDE (__start_noinit_USB_RAM = .)
 *(SORT_BY_ALIGNMENT(.noinit.$RAM4))
 *(SORT_BY_ALIGNMENT(.noinit.$USB_RAM))
 *(SORT_BY_ALIGNMENT(.noinit.$RAM4.*))
 *(SORT_BY_ALIGNMENT(.noinit.$USB_RAM.*))
                0x400ba000                        . = ALIGN (0x4)
                [!provide]                        PROVIDE (__end_noinit_RAM4 = .)
                [!provide]                        PROVIDE (__end_noinit_USB_RAM = .)

.noinit         0x20000894        0x0
                0x20000894                        _noinit = .
                [!provide]                        PROVIDE (__start_noinit_RAM = .)
                [!provide]                        PROVIDE (__start_noinit_SRAM = .)
 *(SORT_BY_ALIGNMENT(.noinit*))
                0x20000894                        . = ALIGN (0x4)
                0x20000894                        _end_noinit = .
                [!provide]                        PROVIDE (__end_noinit_RAM = .)
                [!provide]                        PROVIDE (__end_noinit_SRAM = .)
                0x00001000                        _HeapSize = 0x1000

.heap           0x20000894     0x1000
                0x20000894                        _pvHeapStart = .
                0x20001894                        . = (. + _HeapSize)
 *fill*         0x20000894     0x1000 
                0x20001894                        . = ALIGN (0x4)
                0x20001894                        _pvHeapLimit = .
                0x00001000                        _StackSize = 0x1000

.heap2stackfill
                0x20001894     0x1000
                0x20002894                        . = (. + _StackSize)
 *fill*         0x20001894     0x1000 

.stack          0x2005f000        0x0
                0x2005f000                        _vStackBase = .
                0x2005f000                        . = ALIGN (0x4)
                0x20060000                        _vStackTop = (. + _StackSize)
                0x00000000                        _image_start = LOADADDR (.text)
                0x00004350                        _image_end = (LOADADDR (.data) + SIZEOF (.data))
                0x00004350                        _image_size = (_image_end - _image_start)
OUTPUT(frdmmcxn947_nmh1000_shield_mag_wakeup2.axf elf32-littlearm)
LOAD linker stubs

.debug_info     0x00000000    0x34c4d
 .debug_info    0x00000000     0x1670 ./utilities/fsl_debug_console.o
 .debug_info    0x00001670      0x6b6 ./utilities/systick_utils.o
 .debug_info    0x00001d26     0x14e7 ./startup/startup_mcxn947_cm33_core0.o
 .debug_info    0x0000320d     0x195d ./source/nmh1000_example.o
 .debug_info    0x00004b6a       0x38 ./source/semihost_hardfault.o
 .debug_info    0x00004ba2      0x882 ./sensors/nmh1000_drv.o
 .debug_info    0x00005424      0xeef ./interfaces/register_io_i2c.o
 .debug_info    0x00006313      0x89f ./interfaces/sensor_io_i2c.o
 .debug_info    0x00006bb2     0x2bf3 ./gpio_driver/gpio_driver.o
 .debug_info    0x000097a5     0x64f5 ./drivers/fsl_clock.o
 .debug_info    0x0000fc9a     0x4909 ./drivers/fsl_edma.o
 .debug_info    0x000145a3      0x5fe ./drivers/fsl_edma_soc.o
 .debug_info    0x00014ba1      0x578 ./drivers/fsl_gpio.o
 .debug_info    0x00015119     0x276b ./drivers/fsl_lpflexcomm.o
 .debug_info    0x00017884     0x5378 ./drivers/fsl_lpi2c.o
 .debug_info    0x0001cbfc     0x2060 ./drivers/fsl_lpi2c_cmsis.o
 .debug_info    0x0001ec5c     0x36cb ./drivers/fsl_lpuart.o
 .debug_info    0x00022327     0x14f7 ./drivers/fsl_reset.o
 .debug_info    0x0002381e     0x24c5 ./drivers/fsl_spc.o
 .debug_info    0x00025ce3     0x1856 ./device/system_MCXN947_cm33_core0.o
 .debug_info    0x00027539      0xf2d ./component/uart/fsl_adapter_lpuart.o
 .debug_info    0x00028466     0x13f5 ./board/board.o
 .debug_info    0x0002985b     0x2ea6 ./board/clock_config.o
 .debug_info    0x0002c701     0x1ecd ./board/frdmmcxn947.o
 .debug_info    0x0002e5ce     0x2325 ./board/pin_mux.o
 .debug_info    0x000308f3       0x85 c:/nxp/mcuxpressoide_11.9.1_2170/ide/plugins/com.nxp.mcuxpresso.tools.win32_11.9.1.202402080819/tools/bin/../lib/gcc/arm-none-eabi/12.3.1/../../../../arm-none-eabi/lib/thumb/v8-m.main+fp/hard\libcr_nohost_nf.a(_cr__main.o)
 .debug_info    0x00030978       0xe3 c:/nxp/mcuxpressoide_11.9.1_2170/ide/plugins/com.nxp.mcuxpresso.tools.win32_11.9.1.202402080819/tools/bin/../lib/gcc/arm-none-eabi/12.3.1/../../../../arm-none-eabi/lib/thumb/v8-m.main+fp/hard\libcr_c.a(memset.o)
 .debug_info    0x00030a5b      0x506 c:/nxp/mcuxpressoide_11.9.1_2170/ide/plugins/com.nxp.mcuxpresso.tools.win32_11.9.1.202402080819/tools/bin/../lib/gcc/arm-none-eabi/12.3.1/../../../../arm-none-eabi/lib/thumb/v8-m.main+fp/hard\libcr_c.a(alloc.o)
 .debug_info    0x00030f61       0x44 c:/nxp/mcuxpressoide_11.9.1_2170/ide/plugins/com.nxp.mcuxpresso.tools.win32_11.9.1.202402080819/tools/bin/../lib/gcc/arm-none-eabi/12.3.1/../../../../arm-none-eabi/lib/thumb/v8-m.main+fp/hard\libcr_c.a(errno.o)
 .debug_info    0x00030fa5      0x339 c:/nxp/mcuxpressoide_11.9.1_2170/ide/plugins/com.nxp.mcuxpresso.tools.win32_11.9.1.202402080819/tools/bin/../lib/gcc/arm-none-eabi/12.3.1/../../../../arm-none-eabi/lib/thumb/v8-m.main+fp/hard\libcr_c.a(initio.o)
 .debug_info    0x000312de      0x1f6 c:/nxp/mcuxpressoide_11.9.1_2170/ide/plugins/com.nxp.mcuxpresso.tools.win32_11.9.1.202402080819/tools/bin/../lib/gcc/arm-none-eabi/12.3.1/../../../../arm-none-eabi/lib/thumb/v8-m.main+fp/hard\libcr_c.a(setvbuf.o)
 .debug_info    0x000314d4       0xda c:/nxp/mcuxpressoide_11.9.1_2170/ide/plugins/com.nxp.mcuxpresso.tools.win32_11.9.1.202402080819/tools/bin/../lib/gcc/arm-none-eabi/12.3.1/../../../../arm-none-eabi/lib/thumb/v8-m.main+fp/hard\libcr_c.a(strlen.o)
 .debug_info    0x000315ae      0x362 c:/nxp/mcuxpressoide_11.9.1_2170/ide/plugins/com.nxp.mcuxpresso.tools.win32_11.9.1.202402080819/tools/bin/../lib/gcc/arm-none-eabi/12.3.1/../../../../arm-none-eabi/lib/thumb/v8-m.main+fp/hard\libcr_c.a(_deferredlazyseek.o)