../utilities/fsl_debug_console.c:76:10:DbgConsole_Init	40	static
../utilities/fsl_debug_console.c:111:10:DbgConsole_Deinit	8	static
../utilities/fsl_debug_console.c:125:10:DbgConsole_EnterLowpower	8	static
../utilities/fsl_debug_console.c:136:10:DbgConsole_ExitLowpower	8	static
../utilities/fsl_debug_console.c:179:5:DbgConsole_Putchar	16	static
../utilities/fsl_debug_console.c:163:5:DbgConsole_Vprintf	120	static
../utilities/fsl_debug_console.c:150:5:DbgConsole_Printf	16	static
../utilities/fsl_debug_console.c:251:5:DbgConsole_Getchar	16	static
../utilities/fsl_debug_console.c:192:5:DbgConsole_Scanf	48	static
